Archive member included to satisfy reference by file (symbol)

C:/Users/Aidan/.pico-sdk/toolchain/14_2_Rel1/bin/../lib/gcc/arm-none-eabi/14.2.1/thumb/v6-m/nofp\libgcc.a(_dvmd_tls.o)
                              CMakeFiles/dev_multi_cdc.dir/C_/Users/Aidan/.pico-sdk/sdk/2.2.0/src/rp2_common/pico_divider/divider_hardware.S.obj (__aeabi_idiv0)
C:/Users/Aidan/.pico-sdk/toolchain/14_2_Rel1/bin/../lib/gcc/arm-none-eabi/14.2.1/thumb/v6-m/nofp\libg.a(libc_a-calloc.o)
                              CMakeFiles/dev_multi_cdc.dir/C_/Users/Aidan/.pico-sdk/sdk/2.2.0/src/rp2_common/pico_malloc/malloc.c.obj (calloc)
C:/Users/Aidan/.pico-sdk/toolchain/14_2_Rel1/bin/../lib/gcc/arm-none-eabi/14.2.1/thumb/v6-m/nofp\libg.a(libc_a-callocr.o)
                              C:/Users/Aidan/.pico-sdk/toolchain/14_2_Rel1/bin/../lib/gcc/arm-none-eabi/14.2.1/thumb/v6-m/nofp\libg.a(libc_a-calloc.o) (_calloc_r)
C:/Users/Aidan/.pico-sdk/toolchain/14_2_Rel1/bin/../lib/gcc/arm-none-eabi/14.2.1/thumb/v6-m/nofp\libg.a(libc_a-malloc.o)
                              CMakeFiles/dev_multi_cdc.dir/C_/Users/Aidan/.pico-sdk/sdk/2.2.0/src/rp2_common/pico_malloc/malloc.c.obj (malloc)
C:/Users/Aidan/.pico-sdk/toolchain/14_2_Rel1/bin/../lib/gcc/arm-none-eabi/14.2.1/thumb/v6-m/nofp\libg.a(libc_a-mallocr.o)
                              C:/Users/Aidan/.pico-sdk/toolchain/14_2_Rel1/bin/../lib/gcc/arm-none-eabi/14.2.1/thumb/v6-m/nofp\libg.a(libc_a-callocr.o) (_malloc_r)
C:/Users/Aidan/.pico-sdk/toolchain/14_2_Rel1/bin/../lib/gcc/arm-none-eabi/14.2.1/thumb/v6-m/nofp\libg.a(libc_a-mlock.o)
                              C:/Users/Aidan/.pico-sdk/toolchain/14_2_Rel1/bin/../lib/gcc/arm-none-eabi/14.2.1/thumb/v6-m/nofp\libg.a(libc_a-mallocr.o) (__malloc_lock)
C:/Users/Aidan/.pico-sdk/toolchain/14_2_Rel1/bin/../lib/gcc/arm-none-eabi/14.2.1/thumb/v6-m/nofp\libg.a(libc_a-realloc.o)
                              CMakeFiles/dev_multi_cdc.dir/C_/Users/Aidan/.pico-sdk/sdk/2.2.0/src/rp2_common/pico_malloc/malloc.c.obj (realloc)
C:/Users/Aidan/.pico-sdk/toolchain/14_2_Rel1/bin/../lib/gcc/arm-none-eabi/14.2.1/thumb/v6-m/nofp\libg.a(libc_a-reallocr.o)
                              C:/Users/Aidan/.pico-sdk/toolchain/14_2_Rel1/bin/../lib/gcc/arm-none-eabi/14.2.1/thumb/v6-m/nofp\libg.a(libc_a-realloc.o) (_realloc_r)
C:/Users/Aidan/.pico-sdk/toolchain/14_2_Rel1/bin/../lib/gcc/arm-none-eabi/14.2.1/thumb/v6-m/nofp\libg.a(libc_a-ctype_.o)
                              CMakeFiles/dev_multi_cdc.dir/C_/Users/Aidan/.pico-sdk/sdk/2.2.0/lib/tinyusb/src/tusb.c.obj (_ctype_)
C:/Users/Aidan/.pico-sdk/toolchain/14_2_Rel1/bin/../lib/gcc/arm-none-eabi/14.2.1/thumb/v6-m/nofp\libg.a(libc_a-memcmp.o)
                              CMakeFiles/dev_multi_cdc.dir/C_/Users/Aidan/.pico-sdk/sdk/2.2.0/src/rp2_common/pico_atomic/atomic.c.obj (memcmp)
C:/Users/Aidan/.pico-sdk/toolchain/14_2_Rel1/bin/../lib/gcc/arm-none-eabi/14.2.1/thumb/v6-m/nofp\libg.a(libc_a-memmove.o)
                              C:/Users/Aidan/.pico-sdk/toolchain/14_2_Rel1/bin/../lib/gcc/arm-none-eabi/14.2.1/thumb/v6-m/nofp\libg.a(libc_a-reallocr.o) (memmove)
C:/Users/Aidan/.pico-sdk/toolchain/14_2_Rel1/bin/../lib/gcc/arm-none-eabi/14.2.1/thumb/v6-m/nofp\libg.a(libc_a-lcltime_r.o)
                              CMakeFiles/dev_multi_cdc.dir/C_/Users/Aidan/.pico-sdk/sdk/2.2.0/src/common/pico_util/datetime.c.obj (localtime_r)
C:/Users/Aidan/.pico-sdk/toolchain/14_2_Rel1/bin/../lib/gcc/arm-none-eabi/14.2.1/thumb/v6-m/nofp\libg.a(libc_a-mktime.o)
                              CMakeFiles/dev_multi_cdc.dir/C_/Users/Aidan/.pico-sdk/sdk/2.2.0/src/common/pico_util/datetime.c.obj (mktime)
C:/Users/Aidan/.pico-sdk/toolchain/14_2_Rel1/bin/../lib/gcc/arm-none-eabi/14.2.1/thumb/v6-m/nofp\libg.a(libc_a-month_lengths.o)
                              C:/Users/Aidan/.pico-sdk/toolchain/14_2_Rel1/bin/../lib/gcc/arm-none-eabi/14.2.1/thumb/v6-m/nofp\libg.a(libc_a-lcltime_r.o) (__month_lengths)
C:/Users/Aidan/.pico-sdk/toolchain/14_2_Rel1/bin/../lib/gcc/arm-none-eabi/14.2.1/thumb/v6-m/nofp\libg.a(libc_a-tzcalc_limits.o)
                              C:/Users/Aidan/.pico-sdk/toolchain/14_2_Rel1/bin/../lib/gcc/arm-none-eabi/14.2.1/thumb/v6-m/nofp\libg.a(libc_a-lcltime_r.o) (__tzcalc_limits)
C:/Users/Aidan/.pico-sdk/toolchain/14_2_Rel1/bin/../lib/gcc/arm-none-eabi/14.2.1/thumb/v6-m/nofp\libg.a(libc_a-tzlock.o)
                              C:/Users/Aidan/.pico-sdk/toolchain/14_2_Rel1/bin/../lib/gcc/arm-none-eabi/14.2.1/thumb/v6-m/nofp\libg.a(libc_a-lcltime_r.o) (__tz_lock)
C:/Users/Aidan/.pico-sdk/toolchain/14_2_Rel1/bin/../lib/gcc/arm-none-eabi/14.2.1/thumb/v6-m/nofp\libg.a(libc_a-tzset.o)
                              C:/Users/Aidan/.pico-sdk/toolchain/14_2_Rel1/bin/../lib/gcc/arm-none-eabi/14.2.1/thumb/v6-m/nofp\libg.a(libc_a-lcltime_r.o) (_tzset_unlocked)
C:/Users/Aidan/.pico-sdk/toolchain/14_2_Rel1/bin/../lib/gcc/arm-none-eabi/14.2.1/thumb/v6-m/nofp\libg.a(libc_a-tzset_r.o)
[...]
Memory Configuration

Name             Origin             Length             Attributes
FLASH            0x10000000         0x00200000         xr
RAM              0x20000000         0x00040000         xrw
SCRATCH_X        0x20040000         0x00001000         xrw
SCRATCH_Y        0x20041000         0x00001000         xrw
*default*        0x00000000         0xffffffff

Linker script and memory map

LOAD C:/Users/Aidan/.pico-sdk/toolchain/14_2_Rel1/bin/../lib/gcc/arm-none-eabi/14.2.1/thumb/v6-m/nofp/crti.o
LOAD C:/Users/Aidan/.pico-sdk/toolchain/14_2_Rel1/bin/../lib/gcc/arm-none-eabi/14.2.1/thumb/v6-m/nofp/crtbegin.o
LOAD C:/Users/Aidan/.pico-sdk/toolchain/14_2_Rel1/bin/../lib/gcc/arm-none-eabi/14.2.1/thumb/v6-m/nofp/crt0.o

.flash_begin    0x10000000        0x0
                0x10000000                        __flash_binary_start = .

.boot2          0x10000000      0x100
                0x10000000                        __boot2_start__ = .
 *(.boot2)
 .boot2         0x10000000      0x100 pico-sdk/src/rp2040/boot_stage2/CMakeFiles/bs2_default_library.dir/./bs2_default_padded_checksummed.S.obj
                0x10000100                        __boot2_end__ = .
                0x00000001                        ASSERT (((__boot2_end__ - __boot2_start__) == 0x100), ERROR: Pico second stage bootloader must be 256 bytes in size)

.text           0x10000100     0x6104
                0x10000100                        __logical_binary_start = .
 *(.vectors)
 .vectors       0x10000100       0xd4 CMakeFiles/dev_multi_cdc.dir/C_/Users/Aidan/.pico-sdk/sdk/2.2.0/src/rp2_common/pico_crt0/crt0.S.obj
                0x10000100                __VECTOR_TABLE
                0x10000100                __vectors
                0x100001c0                isr_irq13
                0x100001c0                isr_irq27
                0x100001c0                isr_irq31
                0x100001c0                isr_irq12
                0x100001c0                isr_irq5
                0x100001c0                isr_irq11
                0x100001c0                isr_irq3
                0x100001c0                isr_irq23
                0x100001c0                __unhandled_user_irq
                0x100001c0                isr_irq26
                0x100001c0                isr_irq28
                0x100001c0                isr_irq19
                0x100001c0                isr_irq0
                0x100001c0                isr_irq6
                0x100001c0                isr_irq29
                0x100001c0                isr_irq16
                0x100001c0                isr_irq22
                0x100001c0                isr_irq18
                0x100001c0                isr_irq17
                0x100001c0                isr_irq14
                0x100001c0                __vectors_end
                0x100001c0                __default_isrs_start
                0x100001c0                isr_irq2
                0x100001c0                isr_irq10
                0x100001c0                isr_irq8
                0x100001c0                isr_irq24
                0x100001c0                isr_irq1
                0x100001c0                isr_irq7
                0x100001c0                isr_irq21
                0x100001c0                isr_irq20
                0x100001c0                isr_irq15
                0x100001c0                isr_irq25
                0x100001c0                isr_irq4
                0x100001c0                isr_irq30
                0x100001c0                isr_irq9
                0x100001c6                unhandled_user_irq_num_in_r0
                0x100001c8                isr_invalid
                0x100001ca                isr_nmi
                0x100001cc                isr_hardfault
                0x100001ce                isr_svcall
                0x100001d0                isr_pendsv
                0x100001d2                isr_systick
                0x100001d4                __default_isrs_end
 *(.binary_info_header)
 .binary_info_header
                0x100001d4       0x14 CMakeFiles/dev_multi_cdc.dir/C_/Users/Aidan/.pico-sdk/sdk/2.2.0/src/rp2_common/pico_crt0/crt0.S.obj
                0x100001e8                        __binary_info_header_end = .
 *(.embedded_block)
                0x100001e8                        __embedded_block_end = .
 *(.reset)
 .reset         0x100001e8       0x9c CMakeFiles/dev_multi_cdc.dir/C_/Users/Aidan/.pico-sdk/sdk/2.2.0/src/rp2_common/pico_crt0/crt0.S.obj
                0x100001e8                _entry_point
 *(.init)
 .init          0x10000284        0x4 C:/Users/Aidan/.pico-sdk/toolchain/14_2_Rel1/bin/../lib/gcc/arm-none-eabi/14.2.1/thumb/v6-m/nofp/crti.o
                0x10000284                _init
 *(EXCLUDE_FILE(*libm.a: *libc.a:*lib_a-mem*.o *libgcc.a:) .text*)
 .text.register_tm_clones
                0x10000288       0x28 C:/Users/Aidan/.pico-sdk/toolchain/14_2_Rel1/bin/../lib/gcc/arm-none-eabi/14.2.1/thumb/v6-m/nofp/crtbegin.o
 .text.frame_dummy
                0x100002b0       0x24 C:/Users/Aidan/.pico-sdk/toolchain/14_2_Rel1/bin/../lib/gcc/arm-none-eabi/14.2.1/thumb/v6-m/nofp/crtbegin.o
 .text.pwm_init
                0x100002d4       0x34 CMakeFiles/dev_multi_cdc.dir/binary_test.c.obj
 .text.pwm_get_default_config
                0x10000308       0x18 CMakeFiles/dev_multi_cdc.dir/binary_test.c.obj
 .text.checksum_u16
                0x10000320       0x1a CMakeFiles/dev_multi_cdc.dir/binary_test.c.obj
 *fill*         0x1000033a        0x2 
 .text.setup_pwm_pulse
                0x1000033c       0x5c CMakeFiles/dev_multi_cdc.dir/binary_test.c.obj
 .text.adc_gpio_init
                0x10000398       0x1e CMakeFiles/dev_multi_cdc.dir/binary_test.c.obj
 .text.cdc_write_chunks
                0x100003b6       0x5a CMakeFiles/dev_multi_cdc.dir/binary_test.c.obj
 .text.custom_cdc_task
                0x10000410       0xc8 CMakeFiles/dev_multi_cdc.dir/binary_test.c.obj
                0x10000410                custom_cdc_task
 .text.main     0x100004d8       0x5c CMakeFiles/dev_multi_cdc.dir/binary_test.c.obj
                0x100004d8                main
 .text.tud_cdc_rx_cb
                0x10000534       0x10 CMakeFiles/dev_multi_cdc.dir/binary_test.c.obj
                0x10000534                tud_cdc_rx_cb
 .text.board_usb_get_serial
                0x10000544       0x88 CMakeFiles/dev_multi_cdc.dir/usb_descriptors.c.obj
 .text.tud_descriptor_device_cb
                0x100005cc        0x8 CMakeFiles/dev_multi_cdc.dir/usb_descriptors.c.obj
                0x100005cc                tud_descriptor_device_cb
 .text.tud_descriptor_device_qualifier_cb
                0x100005d4        0x8 CMakeFiles/dev_multi_cdc.dir/usb_descriptors.c.obj
                0x100005d4                tud_descriptor_device_qualifier_cb
 .text.tud_descriptor_configuration_cb
                0x100005dc        0x8 CMakeFiles/dev_multi_cdc.dir/usb_descriptors.c.obj
                0x100005dc                tud_descriptor_configuration_cb
 .text.tud_descriptor_string_cb
                0x100005e4       0x70 CMakeFiles/dev_multi_cdc.dir/usb_descriptors.c.obj
                0x100005e4                tud_descriptor_string_cb
 .text.gpio_set_function
                0x10000654       0x34 CMakeFiles/dev_multi_cdc.dir/C_/Users/Aidan/.pico-sdk/sdk/2.2.0/src/rp2_common/hardware_gpio/gpio.c.obj
                0x10000654                gpio_set_function
 .text.gpio_set_pulls
                0x10000688       0x38 CMakeFiles/dev_multi_cdc.dir/C_/Users/Aidan/.pico-sdk/sdk/2.2.0/src/rp2_common/hardware_gpio/gpio.c.obj
                0x10000688                gpio_set_pulls
 .text.gpio_set_input_enabled
                0x100006c0       0x28 CMakeFiles/dev_multi_cdc.dir/C_/Users/Aidan/.pico-sdk/sdk/2.2.0/src/rp2_common/hardware_gpio/gpio.c.obj
                0x100006c0                gpio_set_input_enabled
 .text.gpio_init
                0x100006e8       0x16 CMakeFiles/dev_multi_cdc.dir/C_/Users/Aidan/.pico-sdk/sdk/2.2.0/src/rp2_common/hardware_gpio/gpio.c.obj
                0x100006e8                gpio_init
 *fill*         0x100006fe        0x2 
 .text.rp2040_chip_version
                0x10000700       0x54 CMakeFiles/dev_multi_cdc.dir/C_/Users/Aidan/.pico-sdk/sdk/2.2.0/src/rp2040/pico_platform/platform.c.obj
                0x10000700                rp2040_chip_version
 .text.panic    0x10000754       0x30 CMakeFiles/dev_multi_cdc.dir/C_/Users/Aidan/.pico-sdk/sdk/2.2.0/src/rp2_common/pico_platform_panic/panic.c.obj
                0x10000754                panic
 .text.hw_claim_lock
                0x10000784       0x18 CMakeFiles/dev_multi_cdc.dir/C_/Users/Aidan/.pico-sdk/sdk/2.2.0/src/common/hardware_claim/claim.c.obj
                0x10000784                hw_claim_lock
 .text.hw_claim_unlock
                0x1000079c       0x14 CMakeFiles/dev_multi_cdc.dir/C_/Users/Aidan/.pico-sdk/sdk/2.2.0/src/common/hardware_claim/claim.c.obj
                0x1000079c                hw_claim_unlock
 .text.hw_claim_or_assert
                0x100007b0       0x32 CMakeFiles/dev_multi_cdc.dir/C_/Users/Aidan/.pico-sdk/sdk/2.2.0/src/common/hardware_claim/claim.c.obj
                0x100007b0                hw_claim_or_assert
 .text.hw_claim_unused_from_range
                0x100007e2       0x50 CMakeFiles/dev_multi_cdc.dir/C_/Users/Aidan/.pico-sdk/sdk/2.2.0/src/common/hardware_claim/claim.c.obj
                0x100007e2                hw_claim_unused_from_range
 *fill*         0x10000832        0x2 
 .text.next_striped_spin_lock_num
                0x10000834       0x1c CMakeFiles/dev_multi_cdc.dir/C_/Users/Aidan/.pico-sdk/sdk/2.2.0/src/rp2_common/hardware_sync/sync.c.obj
                0x10000834                next_striped_spin_lock_num
 .text.spin_lock_claim_unused
                0x10000850       0x24 CMakeFiles/dev_multi_cdc.dir/C_/Users/Aidan/.pico-sdk/sdk/2.2.0/src/rp2_common/hardware_sync/sync.c.obj
                0x10000850                spin_lock_claim_unused
 .text.spin_locks_reset
                0x10000874       0x20 CMakeFiles/dev_multi_cdc.dir/C_/Users/Aidan/.pico-sdk/sdk/2.2.0/src/rp2_common/hardware_sync_spin_lock/sync_spin_lock.c.obj
                0x10000874                spin_locks_reset
 .text.set_raw_irq_handler_and_unlock
                0x10000894       0x28 CMakeFiles/dev_multi_cdc.dir/C_/Users/Aidan/.pico-sdk/sdk/2.2.0/src/rp2_common/hardware_irq/irq.c.obj
 .text.nvic_ipr0
                0x100008bc        0x8 CMakeFiles/dev_multi_cdc.dir/C_/Users/Aidan/.pico-sdk/sdk/2.2.0/src/rp2_common/hardware_irq/irq.c.obj
 .text.runtime_init_per_core_irq_priorities
                0x100008c4       0x1c CMakeFiles/dev_multi_cdc.dir/C_/Users/Aidan/.pico-sdk/sdk/2.2.0/src/rp2_common/hardware_irq/irq.c.obj
                0x100008c4                runtime_init_per_core_irq_priorities
 .text.resolve_j_16
                0x100008e0       0x30 CMakeFiles/dev_multi_cdc.dir/C_/Users/Aidan/.pico-sdk/sdk/2.2.0/src/rp2_common/hardware_irq/irq.c.obj
 .text.make_j_16
                0x10000910       0x48 CMakeFiles/dev_multi_cdc.dir/C_/Users/Aidan/.pico-sdk/sdk/2.2.0/src/rp2_common/hardware_irq/irq.c.obj
 .text.irq_set_mask_n_enabled
                0x10000958       0x1c CMakeFiles/dev_multi_cdc.dir/C_/Users/Aidan/.pico-sdk/sdk/2.2.0/src/rp2_common/hardware_irq/irq.c.obj
                0x10000958                irq_set_mask_n_enabled
 .text.irq_set_enabled
                0x10000974       0x14 CMakeFiles/dev_multi_cdc.dir/C_/Users/Aidan/.pico-sdk/sdk/2.2.0/src/rp2_common/hardware_irq/irq.c.obj
                0x10000974                irq_set_enabled
 .text.irq_get_vtable_handler
                0x10000988       0x10 CMakeFiles/dev_multi_cdc.dir/C_/Users/Aidan/.pico-sdk/sdk/2.2.0/src/rp2_common/hardware_irq/irq.c.obj
                0x10000988                irq_get_vtable_handler
 .text.irq_set_exclusive_handler
                0x10000998       0x54 CMakeFiles/dev_multi_cdc.dir/C_/Users/Aidan/.pico-sdk/sdk/2.2.0/src/rp2_common/hardware_irq/irq.c.obj
                0x10000998                irq_set_exclusive_handler
 .text.irq_add_shared_handler
                0x100009ec      0x218 CMakeFiles/dev_multi_cdc.dir/C_/Users/Aidan/.pico-sdk/sdk/2.2.0/src/rp2_common/hardware_irq/irq.c.obj
                0x100009ec                irq_add_shared_handler
 .text.irq_add_tail_to_free_list
                0x10000c04       0xf4 CMakeFiles/dev_multi_cdc.dir/C_/Users/Aidan/.pico-sdk/sdk/2.2.0/src/rp2_common/hardware_irq/irq.c.obj
                0x10000c04                irq_add_tail_to_free_list
 .text.lock_init
                0x10000cf8       0x10 CMakeFiles/dev_multi_cdc.dir/C_/Users/Aidan/.pico-sdk/sdk/2.2.0/src/common/pico_sync/lock_core.c.obj
                0x10000cf8                lock_init
 .text.mutex_init
                0x10000d08       0x1a CMakeFiles/dev_multi_cdc.dir/C_/Users/Aidan/.pico-sdk/sdk/2.2.0/src/common/pico_sync/mutex.c.obj
                0x10000d08                mutex_init
 .text.recursive_mutex_init
                0x10000d22       0x1e CMakeFiles/dev_multi_cdc.dir/C_/Users/Aidan/.pico-sdk/sdk/2.2.0/src/common/pico_sync/mutex.c.obj
                0x10000d22                recursive_mutex_init
 .text.runtime_init_mutex
                0x10000d40       0x4c CMakeFiles/dev_multi_cdc.dir/C_/Users/Aidan/.pico-sdk/sdk/2.2.0/src/common/pico_sync/mutex.c.obj
                0x10000d40                runtime_init_mutex
 .text.critical_section_init_with_lock_num
                0x10000d8c       0x14 CMakeFiles/dev_multi_cdc.dir/C_/Users/Aidan/.pico-sdk/sdk/2.2.0/src/common/pico_sync/critical_section.c.obj
                0x10000d8c                critical_section_init_with_lock_num
 .text.critical_section_init
                0x10000da0       0x14 CMakeFiles/dev_multi_cdc.dir/C_/Users/Aidan/.pico-sdk/sdk/2.2.0/src/common/pico_sync/critical_section.c.obj
                0x10000da0                critical_section_init
 .text.ta_set_timeout
                0x10000db4       0x24 CMakeFiles/dev_multi_cdc.dir/C_/Users/Aidan/.pico-sdk/sdk/2.2.0/src/common/pico_time/time.c.obj
 .text.make_alarm_id
                0x10000dd8        0x6 CMakeFiles/dev_multi_cdc.dir/C_/Users/Aidan/.pico-sdk/sdk/2.2.0/src/common/pico_time/time.c.obj
 *fill*         0x10000dde        0x2 
 .text.sleep_until_callback
                0x10000de0       0x30 CMakeFiles/dev_multi_cdc.dir/C_/Users/Aidan/.pico-sdk/sdk/2.2.0/src/common/pico_time/time.c.obj
 .text.alarm_pool_irq_handler
                0x10000e10      0x2f0 CMakeFiles/dev_multi_cdc.dir/C_/Users/Aidan/.pico-sdk/sdk/2.2.0/src/common/pico_time/time.c.obj
 .text.ta_enable_irq_handler
                0x10001100       0x2c CMakeFiles/dev_multi_cdc.dir/C_/Users/Aidan/.pico-sdk/sdk/2.2.0/src/common/pico_time/time.c.obj
 .text.alarm_pool_post_alloc_init
                0x1000112c       0x78 CMakeFiles/dev_multi_cdc.dir/C_/Users/Aidan/.pico-sdk/sdk/2.2.0/src/common/pico_time/time.c.obj
 .text.alarm_pool_get_default
                0x100011a4       0x2c CMakeFiles/dev_multi_cdc.dir/C_/Users/Aidan/.pico-sdk/sdk/2.2.0/src/common/pico_time/time.c.obj
                0x100011a4                alarm_pool_get_default
 .text.alarm_pool_add_alarm_at_force_in_context
                0x100011d0       0xa4 CMakeFiles/dev_multi_cdc.dir/C_/Users/Aidan/.pico-sdk/sdk/2.2.0/src/common/pico_time/time.c.obj
                0x100011d0                alarm_pool_add_alarm_at_force_in_context
 .text.alarm_pool_add_alarm_at
                0x10001274       0x3c CMakeFiles/dev_multi_cdc.dir/C_/Users/Aidan/.pico-sdk/sdk/2.2.0/src/common/pico_time/time.c.obj
                0x10001274                alarm_pool_add_alarm_at
 .text.add_alarm_at
                0x100012b0       0x2e CMakeFiles/dev_multi_cdc.dir/C_/Users/Aidan/.pico-sdk/sdk/2.2.0/src/common/pico_time/time.c.obj
 *fill*         0x100012de        0x2 
 .text.alarm_pool_cancel_alarm
                0x100012e0       0x78 CMakeFiles/dev_multi_cdc.dir/C_/Users/Aidan/.pico-sdk/sdk/2.2.0/src/common/pico_time/time.c.obj
                0x100012e0                alarm_pool_cancel_alarm
 .text.cancel_alarm
                0x10001358       0x10 CMakeFiles/dev_multi_cdc.dir/C_/Users/Aidan/.pico-sdk/sdk/2.2.0/src/common/pico_time/time.c.obj
 .text.alarm_pool_core_num
                0x10001368        0x4 CMakeFiles/dev_multi_cdc.dir/C_/Users/Aidan/.pico-sdk/sdk/2.2.0/src/common/pico_time/time.c.obj
                0x10001368                alarm_pool_core_num
 .text.best_effort_wfe_or_timeout
                0x1000136c      0x11c CMakeFiles/dev_multi_cdc.dir/C_/Users/Aidan/.pico-sdk/sdk/2.2.0/src/common/pico_time/time.c.obj
                0x1000136c                best_effort_wfe_or_timeout
 .text.alarm_pool_get_default_timer
                0x10001488        0x8 CMakeFiles/dev_multi_cdc.dir/C_/Users/Aidan/.pico-sdk/sdk/2.2.0/src/common/pico_time/time.c.obj
                0x10001488                alarm_pool_get_default_timer
 .text.runtime_init_default_alarm_pool
                0x10001490       0x38 CMakeFiles/dev_multi_cdc.dir/C_/Users/Aidan/.pico-sdk/sdk/2.2.0/src/common/pico_time/time.c.obj
                0x10001490                runtime_init_default_alarm_pool
 .text.timer_hardware_alarm_claim
                0x100014c8       0x14 CMakeFiles/dev_multi_cdc.dir/C_/Users/Aidan/.pico-sdk/sdk/2.2.0/src/rp2_common/hardware_timer/timer.c.obj
                0x100014c8                timer_hardware_alarm_claim
 .text.timer_time_us_64
                0x100014dc       0x10 CMakeFiles/dev_multi_cdc.dir/C_/Users/Aidan/.pico-sdk/sdk/2.2.0/src/rp2_common/hardware_timer/timer.c.obj
                0x100014dc                timer_time_us_64
 .text.time_us_64
                0x100014ec       0x10 CMakeFiles/dev_multi_cdc.dir/C_/Users/Aidan/.pico-sdk/sdk/2.2.0/src/rp2_common/hardware_timer/timer.c.obj
                0x100014ec                time_us_64
 .text.clock_configure_internal
                0x100014fc       0xc4 CMakeFiles/dev_multi_cdc.dir/C_/Users/Aidan/.pico-sdk/sdk/2.2.0/src/rp2_common/hardware_clocks/clocks.c.obj
 .text.clock_configure_int_divider
                0x100015c0       0x28 CMakeFiles/dev_multi_cdc.dir/C_/Users/Aidan/.pico-sdk/sdk/2.2.0/src/rp2_common/hardware_clocks/clocks.c.obj
                0x100015c0                clock_configure_int_divider
 .text.clock_configure_undivided
                0x100015e8       0x12 CMakeFiles/dev_multi_cdc.dir/C_/Users/Aidan/.pico-sdk/sdk/2.2.0/src/rp2_common/hardware_clocks/clocks.c.obj
                0x100015e8                clock_configure_undivided
 *fill*         0x100015fa        0x2 
 .text.clock_get_hz
                0x100015fc        0xc CMakeFiles/dev_multi_cdc.dir/C_/Users/Aidan/.pico-sdk/sdk/2.2.0/src/rp2_common/hardware_clocks/clocks.c.obj
                0x100015fc                clock_get_hz
 .text.pll_init
                0x10001608      0x124 CMakeFiles/dev_multi_cdc.dir/C_/Users/Aidan/.pico-sdk/sdk/2.2.0/src/rp2_common/hardware_pll/pll.c.obj
                0x10001608                pll_init
 .text.tick_start
                0x1000172c       0x10 CMakeFiles/dev_multi_cdc.dir/C_/Users/Aidan/.pico-sdk/sdk/2.2.0/src/rp2_common/hardware_ticks/ticks.c.obj
                0x1000172c                tick_start
 .text.rom_func_lookup
                0x1000173c       0x10 CMakeFiles/dev_multi_cdc.dir/C_/Users/Aidan/.pico-sdk/sdk/2.2.0/src/rp2_common/pico_bootrom/bootrom.c.obj
                0x1000173c                rom_func_lookup
 .text.rom_data_lookup
                0x1000174c       0x10 CMakeFiles/dev_multi_cdc.dir/C_/Users/Aidan/.pico-sdk/sdk/2.2.0/src/rp2_common/pico_bootrom/bootrom.c.obj
                0x1000174c                rom_data_lookup
 .text.rom_funcs_lookup
                0x1000175c       0x36 CMakeFiles/dev_multi_cdc.dir/C_/Users/Aidan/.pico-sdk/sdk/2.2.0/src/rp2_common/pico_bootrom/bootrom.c.obj
                0x1000175c                rom_funcs_lookup
 *fill*         0x10001792        0x2 
 .text.xosc_init
                0x10001794       0x2c CMakeFiles/dev_multi_cdc.dir/C_/Users/Aidan/.pico-sdk/sdk/2.2.0/src/rp2_common/hardware_xosc/xosc.c.obj
                0x10001794                xosc_init
 .text.runtime_run_initializers_from
                0x100017c0       0x18 CMakeFiles/dev_multi_cdc.dir/C_/Users/Aidan/.pico-sdk/sdk/2.2.0/src/rp2_common/pico_runtime/runtime.c.obj
 .text.first_per_core_initializer
                0x100017d8        0x2 CMakeFiles/dev_multi_cdc.dir/C_/Users/Aidan/.pico-sdk/sdk/2.2.0/src/rp2_common/pico_runtime/runtime.c.obj
 *fill*         0x100017da        0x2 
 .text.runtime_run_initializers
                0x100017dc       0x10 CMakeFiles/dev_multi_cdc.dir/C_/Users/Aidan/.pico-sdk/sdk/2.2.0/src/rp2_common/pico_runtime/runtime.c.obj
                0x100017dc                runtime_run_initializers
 .text.runtime_init_early_resets
                0x100017ec       0x2c CMakeFiles/dev_multi_cdc.dir/C_/Users/Aidan/.pico-sdk/sdk/2.2.0/src/rp2_common/pico_runtime_init/runtime_init.c.obj
                0x100017ec                runtime_init_early_resets
 .text.runtime_init_usb_power_down
                0x10001818       0x1c CMakeFiles/dev_multi_cdc.dir/C_/Users/Aidan/.pico-sdk/sdk/2.2.0/src/rp2_common/pico_runtime_init/runtime_init.c.obj
                0x10001818                runtime_init_usb_power_down
 .text.runtime_init_post_clock_resets
                0x10001834       0x20 CMakeFiles/dev_multi_cdc.dir/C_/Users/Aidan/.pico-sdk/sdk/2.2.0/src/rp2_common/pico_runtime_init/runtime_init.c.obj
                0x10001834                runtime_init_post_clock_resets
 .text.runtime_init_rp2040_gpio_ie_disable
                0x10001854       0x14 CMakeFiles/dev_multi_cdc.dir/C_/Users/Aidan/.pico-sdk/sdk/2.2.0/src/rp2_common/pico_runtime_init/runtime_init.c.obj
                0x10001854                runtime_init_rp2040_gpio_ie_disable
 .text.runtime_init_spin_locks_reset
                0x10001868        0x8 CMakeFiles/dev_multi_cdc.dir/C_/Users/Aidan/.pico-sdk/sdk/2.2.0/src/rp2_common/pico_runtime_init/runtime_init.c.obj
                0x10001868                runtime_init_spin_locks_reset
 .text.runtime_init_install_ram_vector_table
                0x10001870       0x48 CMakeFiles/dev_multi_cdc.dir/C_/Users/Aidan/.pico-sdk/sdk/2.2.0/src/rp2_common/pico_runtime_init/runtime_init.c.obj
                0x10001870                runtime_init_install_ram_vector_table
 .text.start_all_ticks
                0x100018b8       0x28 CMakeFiles/dev_multi_cdc.dir/C_/Users/Aidan/.pico-sdk/sdk/2.2.0/src/rp2_common/pico_runtime_init/runtime_init_clocks.c.obj
 .text.runtime_init_clocks
                0x100018e0       0xcc CMakeFiles/dev_multi_cdc.dir/C_/Users/Aidan/.pico-sdk/sdk/2.2.0/src/rp2_common/pico_runtime_init/runtime_init_clocks.c.obj
                0x100018e0                runtime_init_clocks
 .text          0x100019ac       0x10 CMakeFiles/dev_multi_cdc.dir/C_/Users/Aidan/.pico-sdk/sdk/2.2.0/src/rp2_common/pico_bit_ops/bit_ops_aeabi.S.obj
 .text.__wrap___aeabi_idiv
                0x100019bc       0x50 CMakeFiles/dev_multi_cdc.dir/C_/Users/Aidan/.pico-sdk/sdk/2.2.0/src/rp2_common/pico_divider/divider_hardware.S.obj
                0x100019bc                __wrap___aeabi_idivmod
                0x100019bc                divmod_s32s32
                0x100019bc                div_s32s32
                0x100019bc                __wrap___aeabi_idiv
                0x100019c4                divmod_s32s32_unsafe
                0x100019f0                divmod_s32s32_savestate
 .text.__wrap___aeabi_uidiv
                0x10001a0c       0x4c CMakeFiles/dev_multi_cdc.dir/C_/Users/Aidan/.pico-sdk/sdk/2.2.0/src/rp2_common/pico_divider/divider_hardware.S.obj
                0x10001a0c                __wrap___aeabi_uidiv
                0x10001a0c                __wrap___aeabi_uidivmod
                0x10001a0c                div_u32u32
                0x10001a0c                divmod_u32u32
                0x10001a14                divmod_u32u32_unsafe
                0x10001a3c                divmod_u32u32_savestate
 .text.__wrap___aeabi_ldiv
                0x10001a58      0x424 CMakeFiles/dev_multi_cdc.dir/C_/Users/Aidan/.pico-sdk/sdk/2.2.0/src/rp2_common/pico_divider/divider_hardware.S.obj
                0x10001a58                div_s64s64
                0x10001a58                divmod_s64s64
                0x10001a58                __wrap___aeabi_ldivmod
                0x10001a88                divmod_u64u64
                0x10001a88                div_u64u64
                0x10001a88                __wrap___aeabi_uldivmod
                0x10001a98                divmod_u64u64_savestate
                0x10001ab8                divmod_s64s64_unsafe
                0x10001b40                divmod_u64u64_unsafe
 .text.__wrap___aeabi_darithmetic
                0x10001e7c       0x80 CMakeFiles/dev_multi_cdc.dir/C_/Users/Aidan/.pico-sdk/sdk/2.2.0/src/rp2_common/pico_double/double_aeabi_rp2040.S.obj
                0x10001e7c                __wrap___aeabi_drsub
                0x10001e82                __wrap___aeabi_dsub
                0x10001e94                __wrap___aeabi_dadd
                0x10001ea6                __wrap___aeabi_ddiv
                0x10001ee2                __wrap___aeabi_dmul
 .text.__wrap___aeabi_cdcmple
                0x10001efc       0x6c CMakeFiles/dev_multi_cdc.dir/C_/Users/Aidan/.pico-sdk/sdk/2.2.0/src/rp2_common/pico_double/double_aeabi_rp2040.S.obj
                0x10001efc                __wrap___aeabi_cdrcmple
                0x10001f0c                __wrap___aeabi_cdcmpeq
                0x10001f0c                __wrap___aeabi_cdcmple
 .text.__wrap___aeabi_dcmplt
                0x10001f68        0xc CMakeFiles/dev_multi_cdc.dir/C_/Users/Aidan/.pico-sdk/sdk/2.2.0/src/rp2_common/pico_double/double_aeabi_rp2040.S.obj
                0x10001f68                __wrap___aeabi_dcmplt
 .text.__wrap___aeabi_dcmple
                0x10001f74       0x10 CMakeFiles/dev_multi_cdc.dir/C_/Users/Aidan/.pico-sdk/sdk/2.2.0/src/rp2_common/pico_double/double_aeabi_rp2040.S.obj
                0x10001f74                __wrap___aeabi_dcmple
 .text.__wrap___aeabi_dcmpge
                0x10001f84       0x10 CMakeFiles/dev_multi_cdc.dir/C_/Users/Aidan/.pico-sdk/sdk/2.2.0/src/rp2_common/pico_double/double_aeabi_rp2040.S.obj
                0x10001f84                __wrap___aeabi_dcmpge
 .text.__wrap___aeabi_dcmpgt
                0x10001f94        0xa CMakeFiles/dev_multi_cdc.dir/C_/Users/Aidan/.pico-sdk/sdk/2.2.0/src/rp2_common/pico_double/double_aeabi_rp2040.S.obj
                0x10001f94                __wrap___aeabi_dcmpgt
 .text.__wrap___aeabi_dcmpun
                0x10001f9e       0x18 CMakeFiles/dev_multi_cdc.dir/C_/Users/Aidan/.pico-sdk/sdk/2.2.0/src/rp2_common/pico_double/double_aeabi_rp2040.S.obj
                0x10001f9e                __wrap___aeabi_dcmpun
 *fill*         0x10001fb6        0x2 
 .text.__wrap___aeabi_i2d
                0x10001fb8       0x38 CMakeFiles/dev_multi_cdc.dir/C_/Users/Aidan/.pico-sdk/sdk/2.2.0/src/rp2_common/pico_double/double_aeabi_rp2040.S.obj
                0x10001fb8                uint2double
                0x10001fb8                __wrap___aeabi_ui2d
                0x10001fc0                int2double
                0x10001fc0                __wrap___aeabi_i2d
 .text.__wrap___aeabi_d2iz
                0x10001ff0       0x48 CMakeFiles/dev_multi_cdc.dir/C_/Users/Aidan/.pico-sdk/sdk/2.2.0/src/rp2_common/pico_double/double_aeabi_rp2040.S.obj
                0x10001ff0                double2int_z
                0x10001ff0                __wrap___aeabi_d2iz
 .text.__wrap___aeabi_d2uiz
                0x10002038       0x18 CMakeFiles/dev_multi_cdc.dir/C_/Users/Aidan/.pico-sdk/sdk/2.2.0/src/rp2_common/pico_double/double_aeabi_rp2040.S.obj
                0x10002038                double2uint
                0x10002038                __wrap___aeabi_d2uiz
                0x10002038                double2uint_z
 .text.__aeabi_double_init
                0x10002050       0xcc CMakeFiles/dev_multi_cdc.dir/C_/Users/Aidan/.pico-sdk/sdk/2.2.0/src/rp2_common/pico_double/double_init_rom_rp2040.c.obj
                0x10002050                __aeabi_double_init
 .text.double_table_shim_on_use_helper
                0x1000211c       0x34 CMakeFiles/dev_multi_cdc.dir/C_/Users/Aidan/.pico-sdk/sdk/2.2.0/src/rp2_common/pico_double/double_v1_rom_shim_rp2040.S.obj
                0x1000211c                double_table_shim_on_use_helper
 .text.__wrap___aeabi_dsub
                0x10002150       0x10 CMakeFiles/dev_multi_cdc.dir/C_/Users/Aidan/.pico-sdk/sdk/2.2.0/src/rp2_common/pico_double/double_v1_rom_shim_rp2040.S.obj
                0x10002150                drsub_shim
                0x10002156                dsub_shim
 .text.dadd_shim
                0x10002160      0x15c CMakeFiles/dev_multi_cdc.dir/C_/Users/Aidan/.pico-sdk/sdk/2.2.0/src/rp2_common/pico_double/double_v1_rom_shim_rp2040.S.obj
                0x10002160                dadd_shim
 .text.dmul_shim
                0x100022bc      0x15c CMakeFiles/dev_multi_cdc.dir/C_/Users/Aidan/.pico-sdk/sdk/2.2.0/src/rp2_common/pico_double/double_v1_rom_shim_rp2040.S.obj
                0x100022bc                dmul_shim
 .text.ddiv_shim
                0x10002418      0x1b0 CMakeFiles/dev_multi_cdc.dir/C_/Users/Aidan/.pico-sdk/sdk/2.2.0/src/rp2_common/pico_double/double_v1_rom_shim_rp2040.S.obj
                0x10002418                ddiv_shim
 .text.double2uint_shim
                0x100025c8        0xe CMakeFiles/dev_multi_cdc.dir/C_/Users/Aidan/.pico-sdk/sdk/2.2.0/src/rp2_common/pico_double/double_v1_rom_shim_rp2040.S.obj
                0x100025c8                double2uint_shim
                0x100025ca                double2ufix_shim
 *fill*         0x100025d6        0x2 
 .text.double2uint64_shim
                0x100025d8       0x70 CMakeFiles/dev_multi_cdc.dir/C_/Users/Aidan/.pico-sdk/sdk/2.2.0/src/rp2_common/pico_double/double_v1_rom_shim_rp2040.S.obj
                0x100025d8                double2uint64_shim
                0x100025da                double2ufix64_shim
                0x100025fa                d2fix_a
 .text.dunpacks
                0x10002648       0x3c CMakeFiles/dev_multi_cdc.dir/C_/Users/Aidan/.pico-sdk/sdk/2.2.0/src/rp2_common/pico_double/double_v1_rom_shim_rp2040.S.obj
                0x10002648                dunpacks
 .text.__aeabi_lmul
                0x10002684       0x32 CMakeFiles/dev_multi_cdc.dir/C_/Users/Aidan/.pico-sdk/sdk/2.2.0/src/rp2_common/pico_int64_ops/pico_int64_ops_aeabi.S.obj
                0x10002684                __wrap___aeabi_lmul
 *fill*         0x100026b6        0x2 
 .text.__aeabi_float_init
                0x100026b8       0xfc CMakeFiles/dev_multi_cdc.dir/C_/Users/Aidan/.pico-sdk/sdk/2.2.0/src/rp2_common/pico_float/float_init_rom_rp2040.c.obj
                0x100026b8                __aeabi_float_init
 .text.float_table_shim_on_use_helper
                0x100027b4       0x34 CMakeFiles/dev_multi_cdc.dir/C_/Users/Aidan/.pico-sdk/sdk/2.2.0/src/rp2_common/pico_float/float_v1_rom_shim_rp2040.S.obj
                0x100027b4                float_table_shim_on_use_helper
 .text          0x100027e8       0x10 CMakeFiles/dev_multi_cdc.dir/C_/Users/Aidan/.pico-sdk/sdk/2.2.0/src/rp2_common/pico_mem_ops/mem_ops_aeabi.S.obj
                0x100027e8                __aeabi_mem_init
 .text.memset   0x100027f8        0xc CMakeFiles/dev_multi_cdc.dir/C_/Users/Aidan/.pico-sdk/sdk/2.2.0/src/rp2_common/pico_mem_ops/mem_ops_aeabi.S.obj
                0x100027f8                __wrap_memset
 .text.memcpy   0x10002804        0xc CMakeFiles/dev_multi_cdc.dir/C_/Users/Aidan/.pico-sdk/sdk/2.2.0/src/rp2_common/pico_mem_ops/mem_ops_aeabi.S.obj
                0x10002804                __wrap_memcpy
                0x10002804                __wrap___aeabi_memcpy
 .text._out_null
                0x10002810        0x2 CMakeFiles/dev_multi_cdc.dir/C_/Users/Aidan/.pico-sdk/sdk/2.2.0/src/rp2_common/pico_printf/printf.c.obj
 .text._out_fct
                0x10002812        0xe CMakeFiles/dev_multi_cdc.dir/C_/Users/Aidan/.pico-sdk/sdk/2.2.0/src/rp2_common/pico_printf/printf.c.obj
 .text._atoi    0x10002820       0x24 CMakeFiles/dev_multi_cdc.dir/C_/Users/Aidan/.pico-sdk/sdk/2.2.0/src/rp2_common/pico_printf/printf.c.obj
 .text._out_rev
                0x10002844       0xb0 CMakeFiles/dev_multi_cdc.dir/C_/Users/Aidan/.pico-sdk/sdk/2.2.0/src/rp2_common/pico_printf/printf.c.obj
 .text._ntoa_format
                0x100028f4      0x10e CMakeFiles/dev_multi_cdc.dir/C_/Users/Aidan/.pico-sdk/sdk/2.2.0/src/rp2_common/pico_printf/printf.c.obj
 .text._ntoa_long
                0x10002a02       0xbc CMakeFiles/dev_multi_cdc.dir/C_/Users/Aidan/.pico-sdk/sdk/2.2.0/src/rp2_common/pico_printf/printf.c.obj
 .text._ntoa_long_long
                0x10002abe      0x10e CMakeFiles/dev_multi_cdc.dir/C_/Users/Aidan/.pico-sdk/sdk/2.2.0/src/rp2_common/pico_printf/printf.c.obj
 .text._etoa    0x10002bcc      0x424 CMakeFiles/dev_multi_cdc.dir/C_/Users/Aidan/.pico-sdk/sdk/2.2.0/src/rp2_common/pico_printf/printf.c.obj
 .text._ftoa    0x10002ff0      0x348 CMakeFiles/dev_multi_cdc.dir/C_/Users/Aidan/.pico-sdk/sdk/2.2.0/src/rp2_common/pico_printf/printf.c.obj
 .text._vsnprintf
                0x10003338      0x6a4 CMakeFiles/dev_multi_cdc.dir/C_/Users/Aidan/.pico-sdk/sdk/2.2.0/src/rp2_common/pico_printf/printf.c.obj
 .text.vfctprintf
                0x100039dc       0x24 CMakeFiles/dev_multi_cdc.dir/C_/Users/Aidan/.pico-sdk/sdk/2.2.0/src/rp2_common/pico_printf/printf.c.obj
                0x100039dc                vfctprintf
 .text._exit    0x10003a00        0x4 CMakeFiles/dev_multi_cdc.dir/C_/Users/Aidan/.pico-sdk/sdk/2.2.0/src/rp2_common/pico_clib_interface/newlib_interface.c.obj
                0x10003a00                _exit
 .text.exit     0x10003a04        0x6 CMakeFiles/dev_multi_cdc.dir/C_/Users/Aidan/.pico-sdk/sdk/2.2.0/src/rp2_common/pico_clib_interface/newlib_interface.c.obj
                0x10003a04                exit
 *fill*         0x10003a0a        0x2 
 .text.__assert_func
                0x10003a0c       0x38 CMakeFiles/dev_multi_cdc.dir/C_/Users/Aidan/.pico-sdk/sdk/2.2.0/src/rp2_common/pico_clib_interface/newlib_interface.c.obj
                0x10003a0c                __assert_func
 .text.runtime_init
                0x10003a44       0x28 CMakeFiles/dev_multi_cdc.dir/C_/Users/Aidan/.pico-sdk/sdk/2.2.0/src/rp2_common/pico_clib_interface/newlib_interface.c.obj
                0x10003a44                runtime_init
 .text.stdio_out_chars_no_crlf
                0x10003a6c        0xe CMakeFiles/dev_multi_cdc.dir/C_/Users/Aidan/.pico-sdk/sdk/2.2.0/src/rp2_common/pico_stdio/stdio.c.obj
 *fill*         0x10003a7a        0x2 
 .text.stdio_out_chars_crlf
                0x10003a7c       0x80 CMakeFiles/dev_multi_cdc.dir/C_/Users/Aidan/.pico-sdk/sdk/2.2.0/src/rp2_common/pico_stdio/stdio.c.obj
 .text.stdio_stack_buffer_flush
                0x10003afc       0x44 CMakeFiles/dev_multi_cdc.dir/C_/Users/Aidan/.pico-sdk/sdk/2.2.0/src/rp2_common/pico_stdio/stdio.c.obj
 .text.stdio_buffered_printer
                0x10003b40       0x20 CMakeFiles/dev_multi_cdc.dir/C_/Users/Aidan/.pico-sdk/sdk/2.2.0/src/rp2_common/pico_stdio/stdio.c.obj
 .text.stdout_serialize_begin
                0x10003b60       0x30 CMakeFiles/dev_multi_cdc.dir/C_/Users/Aidan/.pico-sdk/sdk/2.2.0/src/rp2_common/pico_stdio/stdio.c.obj
                0x10003b60                stdout_serialize_begin
 .text.stdout_serialize_end
                0x10003b90       0x10 CMakeFiles/dev_multi_cdc.dir/C_/Users/Aidan/.pico-sdk/sdk/2.2.0/src/rp2_common/pico_stdio/stdio.c.obj
                0x10003b90                stdout_serialize_end
 .text.stdio_put_string
                0x10003ba0       0x94 CMakeFiles/dev_multi_cdc.dir/C_/Users/Aidan/.pico-sdk/sdk/2.2.0/src/rp2_common/pico_stdio/stdio.c.obj
                0x10003ba0                stdio_put_string
 .text.stdio_set_driver_enabled
                0x10003c34       0x30 CMakeFiles/dev_multi_cdc.dir/C_/Users/Aidan/.pico-sdk/sdk/2.2.0/src/rp2_common/pico_stdio/stdio.c.obj
                0x10003c34                stdio_set_driver_enabled
 .text.stdio_flush
                0x10003c64       0x20 CMakeFiles/dev_multi_cdc.dir/C_/Users/Aidan/.pico-sdk/sdk/2.2.0/src/rp2_common/pico_stdio/stdio.c.obj
                0x10003c64                stdio_flush
 .text.stdio_init_all
                0x10003c84        0x8 CMakeFiles/dev_multi_cdc.dir/C_/Users/Aidan/.pico-sdk/sdk/2.2.0/src/rp2_common/pico_stdio/stdio.c.obj
                0x10003c84                stdio_init_all
 .text.__wrap_puts
                0x10003c8c       0x1e CMakeFiles/dev_multi_cdc.dir/C_/Users/Aidan/.pico-sdk/sdk/2.2.0/src/rp2_common/pico_stdio/stdio.c.obj
                0x10003c8c                stdio_puts
                0x10003c8c                __wrap_puts
 *fill*         0x10003caa        0x2 
 .text.__wrap_vprintf
                0x10003cac       0x40 CMakeFiles/dev_multi_cdc.dir/C_/Users/Aidan/.pico-sdk/sdk/2.2.0/src/rp2_common/pico_stdio/stdio.c.obj
                0x10003cac                stdio_vprintf
                0x10003cac                __wrap_vprintf
 .text.__wrap_printf
                0x10003cec       0x18 CMakeFiles/dev_multi_cdc.dir/C_/Users/Aidan/.pico-sdk/sdk/2.2.0/src/rp2_common/pico_stdio/stdio.c.obj
                0x10003cec                __wrap_printf
                0x10003cec                stdio_printf
 .text.stdio_usb_set_chars_available_callback
                0x10003d04       0x14 CMakeFiles/dev_multi_cdc.dir/C_/Users/Aidan/.pico-sdk/sdk/2.2.0/src/rp2_common/pico_stdio_usb/stdio_usb.c.obj
                0x10003d04                stdio_usb_set_chars_available_callback
 .text.stdio_usb_out_flush
                0x10003d18       0x4c CMakeFiles/dev_multi_cdc.dir/C_/Users/Aidan/.pico-sdk/sdk/2.2.0/src/rp2_common/pico_stdio_usb/stdio_usb.c.obj
 .text.stdio_usb_init
                0x10003d64       0x70 CMakeFiles/dev_multi_cdc.dir/C_/Users/Aidan/.pico-sdk/sdk/2.2.0/src/rp2_common/pico_stdio_usb/stdio_usb.c.obj
                0x10003d64                stdio_usb_init
 .text.stdio_usb_connected
                0x10003dd4        0xa CMakeFiles/dev_multi_cdc.dir/C_/Users/Aidan/.pico-sdk/sdk/2.2.0/src/rp2_common/pico_stdio_usb/stdio_usb.c.obj
                0x10003dd4                stdio_usb_connected
 *fill*         0x10003dde        0x2 
 .text.stdio_usb_in_chars
                0x10003de0       0x98 CMakeFiles/dev_multi_cdc.dir/C_/Users/Aidan/.pico-sdk/sdk/2.2.0/src/rp2_common/pico_stdio_usb/stdio_usb.c.obj
                0x10003de0                stdio_usb_in_chars
 .text.stdio_usb_out_chars
                0x10003e78       0xe8 CMakeFiles/dev_multi_cdc.dir/C_/Users/Aidan/.pico-sdk/sdk/2.2.0/src/rp2_common/pico_stdio_usb/stdio_usb.c.obj
 .text._retrieve_unique_id_on_boot
                0x10003f60       0x10 CMakeFiles/dev_multi_cdc.dir/C_/Users/Aidan/.pico-sdk/sdk/2.2.0/src/rp2_common/pico_unique_id/unique_id.c.obj
 .text.pico_get_unique_board_id
                0x10003f70       0x10 CMakeFiles/dev_multi_cdc.dir/C_/Users/Aidan/.pico-sdk/sdk/2.2.0/src/rp2_common/pico_unique_id/unique_id.c.obj
                0x10003f70                pico_get_unique_board_id
 .text.flash_get_unique_id
                0x10003f80       0x40 CMakeFiles/dev_multi_cdc.dir/C_/Users/Aidan/.pico-sdk/sdk/2.2.0/src/rp2_common/hardware_flash/flash.c.obj
                0x10003f80                flash_get_unique_id
 .text.hw_endpoint_init
                0x10003fc0       0xc0 CMakeFiles/dev_multi_cdc.dir/C_/Users/Aidan/.pico-sdk/sdk/2.2.0/lib/tinyusb/src/portable/raspberrypi/rp2040/dcd_rp2040.c.obj
 .text.hw_endpoint_alloc
                0x10004080       0x48 CMakeFiles/dev_multi_cdc.dir/C_/Users/Aidan/.pico-sdk/sdk/2.2.0/lib/tinyusb/src/portable/raspberrypi/rp2040/dcd_rp2040.c.obj
 .text.hw_endpoint_open
                0x100040c8       0x50 CMakeFiles/dev_multi_cdc.dir/C_/Users/Aidan/.pico-sdk/sdk/2.2.0/lib/tinyusb/src/portable/raspberrypi/rp2040/dcd_rp2040.c.obj
 .text.hw_endpoint_xfer
                0x10004118       0x20 CMakeFiles/dev_multi_cdc.dir/C_/Users/Aidan/.pico-sdk/sdk/2.2.0/lib/tinyusb/src/portable/raspberrypi/rp2040/dcd_rp2040.c.obj
 .text.dcd_int_enable
                0x10004138       0x2c CMakeFiles/dev_multi_cdc.dir/C_/Users/Aidan/.pico-sdk/sdk/2.2.0/lib/tinyusb/src/portable/raspberrypi/rp2040/dcd_rp2040.c.obj
                0x10004138                dcd_int_enable
 .text.dcd_set_address
                0x10004164       0x2c CMakeFiles/dev_multi_cdc.dir/C_/Users/Aidan/.pico-sdk/sdk/2.2.0/lib/tinyusb/src/portable/raspberrypi/rp2040/dcd_rp2040.c.obj
                0x10004164                dcd_set_address
 .text.dcd_connect
                0x10004190       0x10 CMakeFiles/dev_multi_cdc.dir/C_/Users/Aidan/.pico-sdk/sdk/2.2.0/lib/tinyusb/src/portable/raspberrypi/rp2040/dcd_rp2040.c.obj
                0x10004190                dcd_connect
 .text.dcd_init
                0x100041a0       0x80 CMakeFiles/dev_multi_cdc.dir/C_/Users/Aidan/.pico-sdk/sdk/2.2.0/lib/tinyusb/src/portable/raspberrypi/rp2040/dcd_rp2040.c.obj
                0x100041a0                dcd_init
 .text.dcd_sof_enable
                0x10004220       0x1c CMakeFiles/dev_multi_cdc.dir/C_/Users/Aidan/.pico-sdk/sdk/2.2.0/lib/tinyusb/src/portable/raspberrypi/rp2040/dcd_rp2040.c.obj
                0x10004220                dcd_sof_enable
 .text.dcd_edpt0_status_complete
                0x1000423c       0x1c CMakeFiles/dev_multi_cdc.dir/C_/Users/Aidan/.pico-sdk/sdk/2.2.0/lib/tinyusb/src/portable/raspberrypi/rp2040/dcd_rp2040.c.obj
                0x1000423c                dcd_edpt0_status_complete
 .text.dcd_edpt_open
                0x10004258       0x26 CMakeFiles/dev_multi_cdc.dir/C_/Users/Aidan/.pico-sdk/sdk/2.2.0/lib/tinyusb/src/portable/raspberrypi/rp2040/dcd_rp2040.c.obj
                0x10004258                dcd_edpt_open
 .text.dcd_edpt_close_all
                0x1000427e        0x8 CMakeFiles/dev_multi_cdc.dir/C_/Users/Aidan/.pico-sdk/sdk/2.2.0/lib/tinyusb/src/portable/raspberrypi/rp2040/dcd_rp2040.c.obj
                0x1000427e                dcd_edpt_close_all
 *fill*         0x10004286        0x2 
 .text.dcd_edpt_xfer
                0x10004288       0x30 CMakeFiles/dev_multi_cdc.dir/C_/Users/Aidan/.pico-sdk/sdk/2.2.0/lib/tinyusb/src/portable/raspberrypi/rp2040/dcd_rp2040.c.obj
                0x10004288                dcd_edpt_xfer
 .text.dcd_edpt_stall
                0x100042b8       0x3c CMakeFiles/dev_multi_cdc.dir/C_/Users/Aidan/.pico-sdk/sdk/2.2.0/lib/tinyusb/src/portable/raspberrypi/rp2040/dcd_rp2040.c.obj
                0x100042b8                dcd_edpt_stall
 .text.dcd_edpt_clear_stall
                0x100042f4       0x30 CMakeFiles/dev_multi_cdc.dir/C_/Users/Aidan/.pico-sdk/sdk/2.2.0/lib/tinyusb/src/portable/raspberrypi/rp2040/dcd_rp2040.c.obj
                0x100042f4                dcd_edpt_clear_stall
 .text.unaligned_memcpy
                0x10004324       0x14 CMakeFiles/dev_multi_cdc.dir/C_/Users/Aidan/.pico-sdk/sdk/2.2.0/lib/tinyusb/src/portable/raspberrypi/rp2040/rp2040_usb.c.obj
 .text.rp2040_usb_init
                0x10004338       0x44 CMakeFiles/dev_multi_cdc.dir/C_/Users/Aidan/.pico-sdk/sdk/2.2.0/lib/tinyusb/src/portable/raspberrypi/rp2040/rp2040_usb.c.obj
                0x10004338                rp2040_usb_init
 .text.hw_endpoint_xfer_start
                0x1000437c       0x60 CMakeFiles/dev_multi_cdc.dir/C_/Users/Aidan/.pico-sdk/sdk/2.2.0/lib/tinyusb/src/portable/raspberrypi/rp2040/rp2040_usb.c.obj
                0x1000437c                hw_endpoint_xfer_start
 .text.tud_vendor_control_xfer_cb
                0x100043dc        0x4 CMakeFiles/dev_multi_cdc.dir/C_/Users/Aidan/.pico-sdk/sdk/2.2.0/lib/tinyusb/src/device/usbd.c.obj
                0x100043dc                tud_vendor_control_xfer_cb
 .text.configuration_reset
                0x100043e0       0x7c CMakeFiles/dev_multi_cdc.dir/C_/Users/Aidan/.pico-sdk/sdk/2.2.0/lib/tinyusb/src/device/usbd.c.obj
 .text.usbd_reset
                0x1000445c        0xc CMakeFiles/dev_multi_cdc.dir/C_/Users/Aidan/.pico-sdk/sdk/2.2.0/lib/tinyusb/src/device/usbd.c.obj
 .text.invoke_class_control
                0x10004468       0x1a CMakeFiles/dev_multi_cdc.dir/C_/Users/Aidan/.pico-sdk/sdk/2.2.0/lib/tinyusb/src/device/usbd.c.obj
 *fill*         0x10004482        0x2 
 .text.process_set_config
                0x10004484      0x190 CMakeFiles/dev_multi_cdc.dir/C_/Users/Aidan/.pico-sdk/sdk/2.2.0/lib/tinyusb/src/device/usbd.c.obj
 .text.tud_event_hook_cb
                0x10004614        0x2 CMakeFiles/dev_multi_cdc.dir/C_/Users/Aidan/.pico-sdk/sdk/2.2.0/lib/tinyusb/src/device/usbd.c.obj
                0x10004614                tud_event_hook_cb
 .text.tud_sof_cb
                0x10004616        0x2 CMakeFiles/dev_multi_cdc.dir/C_/Users/Aidan/.pico-sdk/sdk/2.2.0/lib/tinyusb/src/device/usbd.c.obj
                0x10004616                tud_sof_cb
 .text.tud_descriptor_bos_cb
                0x10004618        0x4 CMakeFiles/dev_multi_cdc.dir/C_/Users/Aidan/.pico-sdk/sdk/2.2.0/lib/tinyusb/src/device/usbd.c.obj
                0x10004618                tud_descriptor_bos_cb
 .text.tud_descriptor_other_speed_configuration_cb
                0x1000461c        0x4 CMakeFiles/dev_multi_cdc.dir/C_/Users/Aidan/.pico-sdk/sdk/2.2.0/lib/tinyusb/src/device/usbd.c.obj
                0x1000461c                tud_descriptor_other_speed_configuration_cb
 .text.process_get_descriptor
                0x10004620       0xe0 CMakeFiles/dev_multi_cdc.dir/C_/Users/Aidan/.pico-sdk/sdk/2.2.0/lib/tinyusb/src/device/usbd.c.obj
 .text.tud_mount_cb
                0x10004700        0x2 CMakeFiles/dev_multi_cdc.dir/C_/Users/Aidan/.pico-sdk/sdk/2.2.0/lib/tinyusb/src/device/usbd.c.obj
                0x10004700                tud_mount_cb
 .text.tud_umount_cb
                0x10004702        0x2 CMakeFiles/dev_multi_cdc.dir/C_/Users/Aidan/.pico-sdk/sdk/2.2.0/lib/tinyusb/src/device/usbd.c.obj
                0x10004702                tud_umount_cb
 .text.tud_suspend_cb
                0x10004704        0x2 CMakeFiles/dev_multi_cdc.dir/C_/Users/Aidan/.pico-sdk/sdk/2.2.0/lib/tinyusb/src/device/usbd.c.obj
                0x10004704                tud_suspend_cb
 .text.tud_resume_cb
                0x10004706        0x2 CMakeFiles/dev_multi_cdc.dir/C_/Users/Aidan/.pico-sdk/sdk/2.2.0/lib/tinyusb/src/device/usbd.c.obj
                0x10004706                tud_resume_cb
 .text.tud_mounted
                0x10004708       0x10 CMakeFiles/dev_multi_cdc.dir/C_/Users/Aidan/.pico-sdk/sdk/2.2.0/lib/tinyusb/src/device/usbd.c.obj
                0x10004708                tud_mounted
 .text.tud_suspended
                0x10004718       0x10 CMakeFiles/dev_multi_cdc.dir/C_/Users/Aidan/.pico-sdk/sdk/2.2.0/lib/tinyusb/src/device/usbd.c.obj
                0x10004718                tud_suspended
 .text.tud_inited
                0x10004728       0x14 CMakeFiles/dev_multi_cdc.dir/C_/Users/Aidan/.pico-sdk/sdk/2.2.0/lib/tinyusb/src/device/usbd.c.obj
                0x10004728                tud_inited
 .text.tud_rhport_init
                0x1000473c       0xf8 CMakeFiles/dev_multi_cdc.dir/C_/Users/Aidan/.pico-sdk/sdk/2.2.0/lib/tinyusb/src/device/usbd.c.obj
                0x1000473c                tud_rhport_init
 .text.usbd_edpt_open
                0x10004834       0x60 CMakeFiles/dev_multi_cdc.dir/C_/Users/Aidan/.pico-sdk/sdk/2.2.0/lib/tinyusb/src/device/usbd.c.obj
                0x10004834                usbd_edpt_open
 .text.usbd_open_edpt_pair
                0x10004894       0x88 CMakeFiles/dev_multi_cdc.dir/C_/Users/Aidan/.pico-sdk/sdk/2.2.0/lib/tinyusb/src/device/usbd.c.obj
                0x10004894                usbd_open_edpt_pair
 .text.usbd_edpt_claim
                0x1000491c       0x28 CMakeFiles/dev_multi_cdc.dir/C_/Users/Aidan/.pico-sdk/sdk/2.2.0/lib/tinyusb/src/device/usbd.c.obj
                0x1000491c                usbd_edpt_claim
 .text.usbd_edpt_release
                0x10004944       0x28 CMakeFiles/dev_multi_cdc.dir/C_/Users/Aidan/.pico-sdk/sdk/2.2.0/lib/tinyusb/src/device/usbd.c.obj
                0x10004944                usbd_edpt_release
 .text.usbd_edpt_xfer
                0x1000496c       0x88 CMakeFiles/dev_multi_cdc.dir/C_/Users/Aidan/.pico-sdk/sdk/2.2.0/lib/tinyusb/src/device/usbd.c.obj
                0x1000496c                usbd_edpt_xfer
 .text.usbd_edpt_stall
                0x100049f4       0x34 CMakeFiles/dev_multi_cdc.dir/C_/Users/Aidan/.pico-sdk/sdk/2.2.0/lib/tinyusb/src/device/usbd.c.obj
                0x100049f4                usbd_edpt_stall
 .text.usbd_edpt_clear_stall
                0x10004a28       0x34 CMakeFiles/dev_multi_cdc.dir/C_/Users/Aidan/.pico-sdk/sdk/2.2.0/lib/tinyusb/src/device/usbd.c.obj
                0x10004a28                usbd_edpt_clear_stall
 .text.usbd_edpt_stalled
                0x10004a5c       0x1c CMakeFiles/dev_multi_cdc.dir/C_/Users/Aidan/.pico-sdk/sdk/2.2.0/lib/tinyusb/src/device/usbd.c.obj
                0x10004a5c                usbd_edpt_stalled
 .text.process_control_request
                0x10004a78      0x37c CMakeFiles/dev_multi_cdc.dir/C_/Users/Aidan/.pico-sdk/sdk/2.2.0/lib/tinyusb/src/device/usbd.c.obj
 .text.tud_task_ext
                0x10004df4      0x1d0 CMakeFiles/dev_multi_cdc.dir/C_/Users/Aidan/.pico-sdk/sdk/2.2.0/lib/tinyusb/src/device/usbd.c.obj
                0x10004df4                tud_task_ext
 .text.status_stage_xact
                0x10004fc4       0x1a CMakeFiles/dev_multi_cdc.dir/C_/Users/Aidan/.pico-sdk/sdk/2.2.0/lib/tinyusb/src/device/usbd_control.c.obj
 *fill*         0x10004fde        0x2 
 .text.data_stage_xact
                0x10004fe0       0x60 CMakeFiles/dev_multi_cdc.dir/C_/Users/Aidan/.pico-sdk/sdk/2.2.0/lib/tinyusb/src/device/usbd_control.c.obj
 .text.tud_control_status
                0x10005040       0x28 CMakeFiles/dev_multi_cdc.dir/C_/Users/Aidan/.pico-sdk/sdk/2.2.0/lib/tinyusb/src/device/usbd_control.c.obj
                0x10005040                tud_control_status
 .text.tud_control_xfer
                0x10005068       0x98 CMakeFiles/dev_multi_cdc.dir/C_/Users/Aidan/.pico-sdk/sdk/2.2.0/lib/tinyusb/src/device/usbd_control.c.obj
                0x10005068                tud_control_xfer
 .text.usbd_control_reset
                0x10005100       0x14 CMakeFiles/dev_multi_cdc.dir/C_/Users/Aidan/.pico-sdk/sdk/2.2.0/lib/tinyusb/src/device/usbd_control.c.obj
                0x10005100                usbd_control_reset
 .text.usbd_control_set_complete_callback
                0x10005114        0xc CMakeFiles/dev_multi_cdc.dir/C_/Users/Aidan/.pico-sdk/sdk/2.2.0/lib/tinyusb/src/device/usbd_control.c.obj
                0x10005114                usbd_control_set_complete_callback
 .text.usbd_control_set_request
                0x10005120       0x1c CMakeFiles/dev_multi_cdc.dir/C_/Users/Aidan/.pico-sdk/sdk/2.2.0/lib/tinyusb/src/device/usbd_control.c.obj
                0x10005120                usbd_control_set_request
 .text.usbd_control_xfer_cb
                0x1000513c       0xe0 CMakeFiles/dev_multi_cdc.dir/C_/Users/Aidan/.pico-sdk/sdk/2.2.0/lib/tinyusb/src/device/usbd_control.c.obj
                0x1000513c                usbd_control_xfer_cb
 .text._prep_out_transaction
                0x1000521c       0x94 CMakeFiles/dev_multi_cdc.dir/C_/Users/Aidan/.pico-sdk/sdk/2.2.0/lib/tinyusb/src/class/cdc/cdc_device.c.obj
 .text.tud_cdc_n_connected
                0x100052b0       0x38 CMakeFiles/dev_multi_cdc.dir/C_/Users/Aidan/.pico-sdk/sdk/2.2.0/lib/tinyusb/src/class/cdc/cdc_device.c.obj
                0x100052b0                tud_cdc_n_connected
 .text.tud_cdc_n_available
                0x100052e8       0x18 CMakeFiles/dev_multi_cdc.dir/C_/Users/Aidan/.pico-sdk/sdk/2.2.0/lib/tinyusb/src/class/cdc/cdc_device.c.obj
                0x100052e8                tud_cdc_n_available
 .text.tud_cdc_n_read
                0x10005300       0x38 CMakeFiles/dev_multi_cdc.dir/C_/Users/Aidan/.pico-sdk/sdk/2.2.0/lib/tinyusb/src/class/cdc/cdc_device.c.obj
                0x10005300                tud_cdc_n_read
 .text.tud_cdc_n_write_flush
                0x10005338       0xb0 CMakeFiles/dev_multi_cdc.dir/C_/Users/Aidan/.pico-sdk/sdk/2.2.0/lib/tinyusb/src/class/cdc/cdc_device.c.obj
                0x10005338                tud_cdc_n_write_flush
 .text.tud_cdc_n_write
                0x100053e8       0x48 CMakeFiles/dev_multi_cdc.dir/C_/Users/Aidan/.pico-sdk/sdk/2.2.0/lib/tinyusb/src/class/cdc/cdc_device.c.obj
                0x100053e8                tud_cdc_n_write
 .text.tud_cdc_n_write_available
                0x10005430       0x18 CMakeFiles/dev_multi_cdc.dir/C_/Users/Aidan/.pico-sdk/sdk/2.2.0/lib/tinyusb/src/class/cdc/cdc_device.c.obj
                0x10005430                tud_cdc_n_write_available
 .text.cdcd_init
                0x10005448       0xb0 CMakeFiles/dev_multi_cdc.dir/C_/Users/Aidan/.pico-sdk/sdk/2.2.0/lib/tinyusb/src/class/cdc/cdc_device.c.obj
                0x10005448                cdcd_init
 .text.cdcd_deinit
                0x100054f8       0x4c CMakeFiles/dev_multi_cdc.dir/C_/Users/Aidan/.pico-sdk/sdk/2.2.0/lib/tinyusb/src/class/cdc/cdc_device.c.obj
                0x100054f8                cdcd_deinit
 .text.cdcd_reset
                0x10005544       0x70 CMakeFiles/dev_multi_cdc.dir/C_/Users/Aidan/.pico-sdk/sdk/2.2.0/lib/tinyusb/src/class/cdc/cdc_device.c.obj
                0x10005544                cdcd_reset
 .text.cdcd_open
                0x100055b4       0xec CMakeFiles/dev_multi_cdc.dir/C_/Users/Aidan/.pico-sdk/sdk/2.2.0/lib/tinyusb/src/class/cdc/cdc_device.c.obj
                0x100055b4                cdcd_open
 .text.cdcd_control_xfer_cb
                0x100056a0      0x13c CMakeFiles/dev_multi_cdc.dir/C_/Users/Aidan/.pico-sdk/sdk/2.2.0/lib/tinyusb/src/class/cdc/cdc_device.c.obj
                0x100056a0                cdcd_control_xfer_cb
 .text.cdcd_xfer_cb
                0x100057dc      0x148 CMakeFiles/dev_multi_cdc.dir/C_/Users/Aidan/.pico-sdk/sdk/2.2.0/lib/tinyusb/src/class/cdc/cdc_device.c.obj
                0x100057dc                cdcd_xfer_cb
 .text.tusb_rhport_init
                0x10005924       0x78 CMakeFiles/dev_multi_cdc.dir/C_/Users/Aidan/.pico-sdk/sdk/2.2.0/lib/tinyusb/src/tusb.c.obj
                0x10005924                tusb_rhport_init
 .text.tu_edpt_claim
                0x1000599c       0x50 CMakeFiles/dev_multi_cdc.dir/C_/Users/Aidan/.pico-sdk/sdk/2.2.0/lib/tinyusb/src/tusb.c.obj
                0x1000599c                tu_edpt_claim
 .text.tu_edpt_release
                0x100059ec       0x38 CMakeFiles/dev_multi_cdc.dir/C_/Users/Aidan/.pico-sdk/sdk/2.2.0/lib/tinyusb/src/tusb.c.obj
                0x100059ec                tu_edpt_release
 .text.tu_edpt_validate
                0x10005a24       0xac CMakeFiles/dev_multi_cdc.dir/C_/Users/Aidan/.pico-sdk/sdk/2.2.0/lib/tinyusb/src/tusb.c.obj
                0x10005a24                tu_edpt_validate
 .text.tu_edpt_bind_driver
                0x10005ad0       0x26 CMakeFiles/dev_multi_cdc.dir/C_/Users/Aidan/.pico-sdk/sdk/2.2.0/lib/tinyusb/src/tusb.c.obj
                0x10005ad0                tu_edpt_bind_driver
 .text.advance_index
                0x10005af6       0x1a CMakeFiles/dev_multi_cdc.dir/C_/Users/Aidan/.pico-sdk/sdk/2.2.0/lib/tinyusb/src/common/tusb_fifo.c.obj
 .text._tu_fifo_peek
                0x10005b10       0x56 CMakeFiles/dev_multi_cdc.dir/C_/Users/Aidan/.pico-sdk/sdk/2.2.0/lib/tinyusb/src/common/tusb_fifo.c.obj
 .text._ff_pull_n
                0x10005b66       0x68 CMakeFiles/dev_multi_cdc.dir/C_/Users/Aidan/.pico-sdk/sdk/2.2.0/lib/tinyusb/src/common/tusb_fifo.c.obj
 .text._tu_fifo_peek_n
                0x10005bce       0x6a CMakeFiles/dev_multi_cdc.dir/C_/Users/Aidan/.pico-sdk/sdk/2.2.0/lib/tinyusb/src/common/tusb_fifo.c.obj
 .text._tu_fifo_read_n
                0x10005c38       0x4e CMakeFiles/dev_multi_cdc.dir/C_/Users/Aidan/.pico-sdk/sdk/2.2.0/lib/tinyusb/src/common/tusb_fifo.c.obj
 .text._ff_push_n
                0x10005c86       0x68 CMakeFiles/dev_multi_cdc.dir/C_/Users/Aidan/.pico-sdk/sdk/2.2.0/lib/tinyusb/src/common/tusb_fifo.c.obj
 .text._tu_fifo_write_n
                0x10005cee       0xf0 CMakeFiles/dev_multi_cdc.dir/C_/Users/Aidan/.pico-sdk/sdk/2.2.0/lib/tinyusb/src/common/tusb_fifo.c.obj
 .text.tu_fifo_config
                0x10005dde       0x7c CMakeFiles/dev_multi_cdc.dir/C_/Users/Aidan/.pico-sdk/sdk/2.2.0/lib/tinyusb/src/common/tusb_fifo.c.obj
                0x10005dde                tu_fifo_config
 .text.tu_fifo_count
                0x10005e5a       0x2c CMakeFiles/dev_multi_cdc.dir/C_/Users/Aidan/.pico-sdk/sdk/2.2.0/lib/tinyusb/src/common/tusb_fifo.c.obj
                0x10005e5a                tu_fifo_count
 .text.tu_fifo_empty
                0x10005e86        0xe CMakeFiles/dev_multi_cdc.dir/C_/Users/Aidan/.pico-sdk/sdk/2.2.0/lib/tinyusb/src/common/tusb_fifo.c.obj
                0x10005e86                tu_fifo_empty
 .text.tu_fifo_full
                0x10005e94       0x2a CMakeFiles/dev_multi_cdc.dir/C_/Users/Aidan/.pico-sdk/sdk/2.2.0/lib/tinyusb/src/common/tusb_fifo.c.obj
                0x10005e94                tu_fifo_full
 .text.tu_fifo_remaining
                0x10005ebe       0x2e CMakeFiles/dev_multi_cdc.dir/C_/Users/Aidan/.pico-sdk/sdk/2.2.0/lib/tinyusb/src/common/tusb_fifo.c.obj
                0x10005ebe                tu_fifo_remaining
 .text.tu_fifo_read
                0x10005eec       0x42 CMakeFiles/dev_multi_cdc.dir/C_/Users/Aidan/.pico-sdk/sdk/2.2.0/lib/tinyusb/src/common/tusb_fifo.c.obj
                0x10005eec                tu_fifo_read
 .text.tu_fifo_read_n
                0x10005f2e        0xa CMakeFiles/dev_multi_cdc.dir/C_/Users/Aidan/.pico-sdk/sdk/2.2.0/lib/tinyusb/src/common/tusb_fifo.c.obj
                0x10005f2e                tu_fifo_read_n
 .text.tu_fifo_write
                0x10005f38       0x64 CMakeFiles/dev_multi_cdc.dir/C_/Users/Aidan/.pico-sdk/sdk/2.2.0/lib/tinyusb/src/common/tusb_fifo.c.obj
                0x10005f38                tu_fifo_write
 .text.tu_fifo_write_n
                0x10005f9c        0xa CMakeFiles/dev_multi_cdc.dir/C_/Users/Aidan/.pico-sdk/sdk/2.2.0/lib/tinyusb/src/common/tusb_fifo.c.obj
                0x10005f9c                tu_fifo_write_n
 .text.tu_fifo_clear
                0x10005fa6       0x3e CMakeFiles/dev_multi_cdc.dir/C_/Users/Aidan/.pico-sdk/sdk/2.2.0/lib/tinyusb/src/common/tusb_fifo.c.obj
                0x10005fa6                tu_fifo_clear
 .text.tu_fifo_set_overwritable
                0x10005fe4       0x46 CMakeFiles/dev_multi_cdc.dir/C_/Users/Aidan/.pico-sdk/sdk/2.2.0/lib/tinyusb/src/common/tusb_fifo.c.obj
                0x10005fe4                tu_fifo_set_overwritable
 *fill*         0x1000602a        0x2 
 .text.adc_init
                0x1000602c       0x34 CMakeFiles/dev_multi_cdc.dir/C_/Users/Aidan/.pico-sdk/sdk/2.2.0/src/rp2_common/hardware_adc/adc.c.obj
                0x1000602c                adc_init
 .text.board_init
                0x10006060       0x14 CMakeFiles/dev_multi_cdc.dir/C_/Users/Aidan/.pico-sdk/sdk/2.2.0/lib/tinyusb/hw/bsp/rp2040/family.c.obj
                0x10006060                board_init
 .text.board_get_unique_id
                0x10006074       0x26 CMakeFiles/dev_multi_cdc.dir/C_/Users/Aidan/.pico-sdk/sdk/2.2.0/lib/tinyusb/hw/bsp/rp2040/family.c.obj
                0x10006074                board_get_unique_id
 *fill*         0x1000609a        0x2 
 .text.strlen   0x1000609c       0x5c C:/Users/Aidan/.pico-sdk/toolchain/14_2_Rel1/bin/../lib/gcc/arm-none-eabi/14.2.1/thumb/v6-m/nofp\libg.a(libc_a-strlen-stub.o)
                0x1000609c                strlen
 *(.fini)
 .fini          0x100060f8        0x4 C:/Users/Aidan/.pico-sdk/toolchain/14_2_Rel1/bin/../lib/gcc/arm-none-eabi/14.2.1/thumb/v6-m/nofp/crti.o
                0x100060f8                _fini
 *fill*         0x100060fc        0x4 
 .fini.__stub   0x10006100       0xc0 linker stubs
 *crtbegin.o(.ctors)
 *crtbegin?.o(.ctors)
 *(EXCLUDE_FILE(*crtend.o *crtend?.o) .ctors)
 *(SORT_BY_NAME(.ctors.*))
 *(.ctors)
 *crtbegin.o(.dtors)
 *crtbegin?.o(.dtors)
 *(EXCLUDE_FILE(*crtend.o *crtend?.o) .dtors)
 *(SORT_BY_NAME(.dtors.*))
 *(.dtors)
                0x100061c0                        . = ALIGN (0x4)
                0x100061c0                        PROVIDE (__preinit_array_start = .)
 *(SORT_BY_NAME(.preinit_array.*))
 .preinit_array.00100
                0x100061c0        0x4 CMakeFiles/dev_multi_cdc.dir/C_/Users/Aidan/.pico-sdk/sdk/2.2.0/src/rp2_common/pico_runtime_init/runtime_init.c.obj
                0x100061c0                __pre_init_runtime_init_early_resets
 .preinit_array.00101
                0x100061c4        0x4 CMakeFiles/dev_multi_cdc.dir/C_/Users/Aidan/.pico-sdk/sdk/2.2.0/src/rp2_common/pico_runtime_init/runtime_init.c.obj
                0x100061c4                __pre_init_runtime_init_usb_power_down
 .preinit_array.00275
                0x100061c8        0x4 CMakeFiles/dev_multi_cdc.dir/C_/Users/Aidan/.pico-sdk/sdk/2.2.0/src/rp2_common/pico_bit_ops/bit_ops_aeabi.S.obj
 .preinit_array.00300
                0x100061cc        0x4 CMakeFiles/dev_multi_cdc.dir/C_/Users/Aidan/.pico-sdk/sdk/2.2.0/src/rp2_common/pico_mem_ops/mem_ops_aeabi.S.obj
 .preinit_array.00350
                0x100061d0        0x4 CMakeFiles/dev_multi_cdc.dir/C_/Users/Aidan/.pico-sdk/sdk/2.2.0/src/rp2_common/pico_double/double_aeabi_rp2040.S.obj
 .preinit_array.00350
                0x100061d4        0x4 CMakeFiles/dev_multi_cdc.dir/C_/Users/Aidan/.pico-sdk/sdk/2.2.0/src/rp2_common/pico_float/float_aeabi_rp2040.S.obj
 .preinit_array.00500
                0x100061d8        0x4 CMakeFiles/dev_multi_cdc.dir/C_/Users/Aidan/.pico-sdk/sdk/2.2.0/src/rp2_common/pico_runtime_init/runtime_init.c.obj
                0x100061d8                __pre_init_runtime_init_clocks
 .preinit_array.00600
                0x100061dc        0x4 CMakeFiles/dev_multi_cdc.dir/C_/Users/Aidan/.pico-sdk/sdk/2.2.0/src/rp2_common/pico_runtime_init/runtime_init.c.obj
                0x100061dc                __pre_init_runtime_init_post_clock_resets
 .preinit_array.00700
                0x100061e0        0x4 CMakeFiles/dev_multi_cdc.dir/C_/Users/Aidan/.pico-sdk/sdk/2.2.0/src/rp2_common/pico_runtime_init/runtime_init.c.obj
                0x100061e0                __pre_init_runtime_init_rp2040_gpio_ie_disable
 .preinit_array.01000
                0x100061e4        0x4 CMakeFiles/dev_multi_cdc.dir/C_/Users/Aidan/.pico-sdk/sdk/2.2.0/src/rp2_common/pico_runtime_init/runtime_init.c.obj
                0x100061e4                __pre_init_runtime_init_spin_locks_reset
 .preinit_array.01100
                0x100061e8        0x4 CMakeFiles/dev_multi_cdc.dir/C_/Users/Aidan/.pico-sdk/sdk/2.2.0/src/common/pico_sync/mutex.c.obj
                0x100061e8                __pre_init_runtime_init_mutex
 .preinit_array.10080
                0x100061ec        0x4 CMakeFiles/dev_multi_cdc.dir/C_/Users/Aidan/.pico-sdk/sdk/2.2.0/src/rp2_common/pico_runtime_init/runtime_init.c.obj
                0x100061ec                __pre_init_runtime_init_install_ram_vector_table
 .preinit_array.11000
                0x100061f0        0x4 CMakeFiles/dev_multi_cdc.dir/C_/Users/Aidan/.pico-sdk/sdk/2.2.0/src/common/pico_time/time.c.obj
                0x100061f0                __pre_init_runtime_init_default_alarm_pool
 .preinit_array.YYYYY
                0x100061f4        0x4 CMakeFiles/dev_multi_cdc.dir/C_/Users/Aidan/.pico-sdk/sdk/2.2.0/src/rp2_common/pico_runtime/runtime.c.obj
                0x100061f4                __pre_init_first_per_core_initializer
 .preinit_array.ZZZZZ.01200
                0x100061f8        0x4 CMakeFiles/dev_multi_cdc.dir/C_/Users/Aidan/.pico-sdk/sdk/2.2.0/src/rp2_common/hardware_irq/irq.c.obj
                0x100061f8                __pre_init_runtime_init_per_core_irq_priorities
 *(.preinit_array)
                0x100061fc                        PROVIDE (__preinit_array_end = .)
                0x100061fc                        . = ALIGN (0x4)
                0x100061fc                        PROVIDE (__init_array_start = .)
 *(SORT_BY_NAME(.init_array.*))
 .init_array.01000
                0x100061fc        0x4 CMakeFiles/dev_multi_cdc.dir/C_/Users/Aidan/.pico-sdk/sdk/2.2.0/src/rp2_common/pico_unique_id/unique_id.c.obj
 *(.init_array)
 .init_array    0x10006200        0x4 C:/Users/Aidan/.pico-sdk/toolchain/14_2_Rel1/bin/../lib/gcc/arm-none-eabi/14.2.1/thumb/v6-m/nofp/crtbegin.o
                0x10006204                        PROVIDE (__init_array_end = .)
                0x10006204                        . = ALIGN (0x4)
                [!provide]                        PROVIDE (__fini_array_start = .)
 *(SORT_BY_NAME(.fini_array.*))
 *(.fini_array)
                [!provide]                        PROVIDE (__fini_array_end = .)
 *(.eh_frame*)
 .eh_frame      0x10006204        0x0 C:/Users/Aidan/.pico-sdk/toolchain/14_2_Rel1/bin/../lib/gcc/arm-none-eabi/14.2.1/thumb/v6-m/nofp/crtbegin.o
                0x10006204                        . = ALIGN (0x4)

.glue_7         0x10006204        0x0
 .glue_7        0x10006204        0x0 linker stubs

.glue_7t        0x10006204        0x0
 .glue_7t       0x10006204        0x0 linker stubs

.vfp11_veneer   0x10006204        0x0
 .vfp11_veneer  0x10006204        0x0 linker stubs

.v4_bx          0x10006204        0x0
 .v4_bx         0x10006204        0x0 linker stubs

.iplt           0x10006204        0x0
 .iplt          0x10006204        0x0 C:/Users/Aidan/.pico-sdk/toolchain/14_2_Rel1/bin/../lib/gcc/arm-none-eabi/14.2.1/thumb/v6-m/nofp/crtbegin.o

.rodata         0x10006208     0x125c
 *(EXCLUDE_FILE(*libm.a: *libc.a:*lib_a-mem*.o *libgcc.a:) .rodata*)
 .rodata.board_usb_get_serial.str1.4
                0x10006208      0xba4 CMakeFiles/dev_multi_cdc.dir/usb_descriptors.c.obj
                                 0x11 (size before relaxing)
 .rodata.str1.4
                0x10006dac       0x41 CMakeFiles/dev_multi_cdc.dir/usb_descriptors.c.obj
 .rodata.__compound_literal.0
                0x10006dac        0x2 CMakeFiles/dev_multi_cdc.dir/usb_descriptors.c.obj
 *fill*         0x10006dae        0x2 
 .rodata.desc_device_qualifier
                0x10006db0        0xa CMakeFiles/dev_multi_cdc.dir/usb_descriptors.c.obj
                0x10006db0                desc_device_qualifier
 *fill*         0x10006dba        0x2 
 .rodata.desc_configuration
                0x10006dbc       0x8d CMakeFiles/dev_multi_cdc.dir/usb_descriptors.c.obj
                0x10006dbc                desc_configuration
 *fill*         0x10006e49        0x3 
 .rodata.desc_device
                0x10006e4c       0x12 CMakeFiles/dev_multi_cdc.dir/usb_descriptors.c.obj
                0x10006e4c                desc_device
 .rodata.rp2040_chip_version.str1.4
                0x10006e5e       0x7d CMakeFiles/dev_multi_cdc.dir/C_/Users/Aidan/.pico-sdk/sdk/2.2.0/src/rp2040/pico_platform/platform.c.obj
 *fill*         0x10006e5e        0x2 
 .rodata.__func__.0
                0x10006e60       0x14 CMakeFiles/dev_multi_cdc.dir/C_/Users/Aidan/.pico-sdk/sdk/2.2.0/src/rp2040/pico_platform/platform.c.obj
 .rodata.panic.str1.4
                0x10006e74       0x12 CMakeFiles/dev_multi_cdc.dir/C_/Users/Aidan/.pico-sdk/sdk/2.2.0/src/rp2_common/pico_platform_panic/panic.c.obj
 .rodata.spin_lock_claim_unused.str1.4
                0x10006e74       0x1b CMakeFiles/dev_multi_cdc.dir/C_/Users/Aidan/.pico-sdk/sdk/2.2.0/src/rp2_common/hardware_sync/sync.c.obj
 .rodata.resolve_j_16.str1.4
                0x10006e74       0x5d CMakeFiles/dev_multi_cdc.dir/C_/Users/Aidan/.pico-sdk/sdk/2.2.0/src/rp2_common/hardware_irq/irq.c.obj
 .rodata.make_j_16.str1.4
                0x10006e74       0x30 CMakeFiles/dev_multi_cdc.dir/C_/Users/Aidan/.pico-sdk/sdk/2.2.0/src/rp2_common/hardware_irq/irq.c.obj
 .rodata.irq_set_exclusive_handler.str1.4
                0x10006e74       0x36 CMakeFiles/dev_multi_cdc.dir/C_/Users/Aidan/.pico-sdk/sdk/2.2.0/src/rp2_common/hardware_irq/irq.c.obj
 .rodata.irq_add_shared_handler.str1.4
                0x10006e74       0xd2 CMakeFiles/dev_multi_cdc.dir/C_/Users/Aidan/.pico-sdk/sdk/2.2.0/src/rp2_common/hardware_irq/irq.c.obj
 .rodata.irq_add_tail_to_free_list.str1.4
                0x10006e74       0x3a CMakeFiles/dev_multi_cdc.dir/C_/Users/Aidan/.pico-sdk/sdk/2.2.0/src/rp2_common/hardware_irq/irq.c.obj
 .rodata.__func__.0
                0x10006e74       0x1a CMakeFiles/dev_multi_cdc.dir/C_/Users/Aidan/.pico-sdk/sdk/2.2.0/src/rp2_common/hardware_irq/irq.c.obj
 *fill*         0x10006e8e        0x2 
 .rodata.__func__.3
                0x10006e90        0xa CMakeFiles/dev_multi_cdc.dir/C_/Users/Aidan/.pico-sdk/sdk/2.2.0/src/rp2_common/hardware_irq/irq.c.obj
 *fill*         0x10006e9a        0x2 
 .rodata.__func__.4
                0x10006e9c        0xd CMakeFiles/dev_multi_cdc.dir/C_/Users/Aidan/.pico-sdk/sdk/2.2.0/src/rp2_common/hardware_irq/irq.c.obj
 *fill*         0x10006ea9        0x3 
 .rodata.__func__.5
                0x10006eac       0x17 CMakeFiles/dev_multi_cdc.dir/C_/Users/Aidan/.pico-sdk/sdk/2.2.0/src/rp2_common/hardware_irq/irq.c.obj
 *fill*         0x10006ec3        0x1 
 .rodata.__func__.6
                0x10006ec4       0x1a CMakeFiles/dev_multi_cdc.dir/C_/Users/Aidan/.pico-sdk/sdk/2.2.0/src/rp2_common/hardware_irq/irq.c.obj
 .rodata.runtime_init_mutex.str1.4
                0x10006ede       0x60 CMakeFiles/dev_multi_cdc.dir/C_/Users/Aidan/.pico-sdk/sdk/2.2.0/src/common/pico_sync/mutex.c.obj
 .rodata.str1.4
                0x10006ede       0x51 CMakeFiles/dev_multi_cdc.dir/C_/Users/Aidan/.pico-sdk/sdk/2.2.0/src/common/pico_sync/mutex.c.obj
 *fill*         0x10006ede        0x2 
 .rodata.__func__.1
                0x10006ee0        0xb CMakeFiles/dev_multi_cdc.dir/C_/Users/Aidan/.pico-sdk/sdk/2.2.0/src/common/pico_sync/mutex.c.obj
 *fill*         0x10006eeb        0x1 
 .rodata.__func__.3
                0x10006eec       0x18 CMakeFiles/dev_multi_cdc.dir/C_/Users/Aidan/.pico-sdk/sdk/2.2.0/src/common/pico_sync/mutex.c.obj
 .rodata.__func__.6
                0x10006f04       0x13 CMakeFiles/dev_multi_cdc.dir/C_/Users/Aidan/.pico-sdk/sdk/2.2.0/src/common/pico_sync/mutex.c.obj
 .rodata.alarm_pool_irq_handler.str1.4
                0x10006f17       0x6b CMakeFiles/dev_multi_cdc.dir/C_/Users/Aidan/.pico-sdk/sdk/2.2.0/src/common/pico_time/time.c.obj
 .rodata.alarm_pool_get_default.str1.4
                0x10006f17       0x21 CMakeFiles/dev_multi_cdc.dir/C_/Users/Aidan/.pico-sdk/sdk/2.2.0/src/common/pico_time/time.c.obj
 *fill*         0x10006f17        0x1 
 .rodata.__func__.1
                0x10006f18       0x17 CMakeFiles/dev_multi_cdc.dir/C_/Users/Aidan/.pico-sdk/sdk/2.2.0/src/common/pico_time/time.c.obj
 *fill*         0x10006f2f        0x1 
 .rodata.__func__.2
                0x10006f30       0x17 CMakeFiles/dev_multi_cdc.dir/C_/Users/Aidan/.pico-sdk/sdk/2.2.0/src/common/pico_time/time.c.obj
 .rodata.timer_hardware_alarm_claim.str1.4
                0x10006f47       0x22 CMakeFiles/dev_multi_cdc.dir/C_/Users/Aidan/.pico-sdk/sdk/2.2.0/src/rp2_common/hardware_timer/timer.c.obj
 .rodata.pll_init.str1.4
                0x10006f47      0x11c CMakeFiles/dev_multi_cdc.dir/C_/Users/Aidan/.pico-sdk/sdk/2.2.0/src/rp2_common/hardware_pll/pll.c.obj
 *fill*         0x10006f47        0x1 
 .rodata.__func__.0
                0x10006f48        0x9 CMakeFiles/dev_multi_cdc.dir/C_/Users/Aidan/.pico-sdk/sdk/2.2.0/src/rp2_common/hardware_pll/pll.c.obj
 .rodata.__aeabi_double_init.str1.4
                0x10006f51       0x9b CMakeFiles/dev_multi_cdc.dir/C_/Users/Aidan/.pico-sdk/sdk/2.2.0/src/rp2_common/pico_double/double_init_rom_rp2040.c.obj
 *fill*         0x10006f51        0x3 
 .rodata.__func__.0
                0x10006f54       0x14 CMakeFiles/dev_multi_cdc.dir/C_/Users/Aidan/.pico-sdk/sdk/2.2.0/src/rp2_common/pico_double/double_init_rom_rp2040.c.obj
 .rodata.__aeabi_float_init.str1.4
                0x10006f68       0x8d CMakeFiles/dev_multi_cdc.dir/C_/Users/Aidan/.pico-sdk/sdk/2.2.0/src/rp2_common/pico_float/float_init_rom_rp2040.c.obj
 .rodata.__func__.0
                0x10006f68       0x13 CMakeFiles/dev_multi_cdc.dir/C_/Users/Aidan/.pico-sdk/sdk/2.2.0/src/rp2_common/pico_float/float_init_rom_rp2040.c.obj
 .rodata.str1.4
                0x10006f7b       0x44 CMakeFiles/dev_multi_cdc.dir/C_/Users/Aidan/.pico-sdk/sdk/2.2.0/src/rp2_common/pico_standard_binary_info/standard_binary_info.c.obj
 *fill*         0x10006f7b        0x1 
 .rodata.__bi_84
                0x10006f7c        0xc CMakeFiles/dev_multi_cdc.dir/C_/Users/Aidan/.pico-sdk/sdk/2.2.0/src/rp2_common/pico_standard_binary_info/standard_binary_info.c.obj
 .rodata.__bi_78
                0x10006f88        0xc CMakeFiles/dev_multi_cdc.dir/C_/Users/Aidan/.pico-sdk/sdk/2.2.0/src/rp2_common/pico_standard_binary_info/standard_binary_info.c.obj
 .rodata.__bi_54
                0x10006f94        0xc CMakeFiles/dev_multi_cdc.dir/C_/Users/Aidan/.pico-sdk/sdk/2.2.0/src/rp2_common/pico_standard_binary_info/standard_binary_info.c.obj
 .rodata.__bi_48
                0x10006fa0        0xc CMakeFiles/dev_multi_cdc.dir/C_/Users/Aidan/.pico-sdk/sdk/2.2.0/src/rp2_common/pico_standard_binary_info/standard_binary_info.c.obj
 .rodata.__bi_42
                0x10006fac        0xc CMakeFiles/dev_multi_cdc.dir/C_/Users/Aidan/.pico-sdk/sdk/2.2.0/src/rp2_common/pico_standard_binary_info/standard_binary_info.c.obj
 .rodata.__bi_34
                0x10006fb8        0xc CMakeFiles/dev_multi_cdc.dir/C_/Users/Aidan/.pico-sdk/sdk/2.2.0/src/rp2_common/pico_standard_binary_info/standard_binary_info.c.obj
 .rodata.__bi_26
                0x10006fc4        0xc CMakeFiles/dev_multi_cdc.dir/C_/Users/Aidan/.pico-sdk/sdk/2.2.0/src/rp2_common/pico_standard_binary_info/standard_binary_info.c.obj
 .rodata._ftoa.str1.4
                0x10006fd0       0x15 CMakeFiles/dev_multi_cdc.dir/C_/Users/Aidan/.pico-sdk/sdk/2.2.0/src/rp2_common/pico_printf/printf.c.obj
 .rodata._vsnprintf
                0x10006fd0      0x19c CMakeFiles/dev_multi_cdc.dir/C_/Users/Aidan/.pico-sdk/sdk/2.2.0/src/rp2_common/pico_printf/printf.c.obj
 *fill*         0x1000716c        0x4 
 .rodata.pow10.0
                0x10007170       0x50 CMakeFiles/dev_multi_cdc.dir/C_/Users/Aidan/.pico-sdk/sdk/2.2.0/src/rp2_common/pico_printf/printf.c.obj
 .rodata.__assert_func.str1.4
                0x100071c0       0x43 CMakeFiles/dev_multi_cdc.dir/C_/Users/Aidan/.pico-sdk/sdk/2.2.0/src/rp2_common/pico_clib_interface/newlib_interface.c.obj
 .rodata.crlf_str.0
                0x100071c0        0x2 CMakeFiles/dev_multi_cdc.dir/C_/Users/Aidan/.pico-sdk/sdk/2.2.0/src/rp2_common/pico_stdio/stdio.c.obj
 .rodata.stdio_usb_init.str1.4
                0x100071c2       0x65 CMakeFiles/dev_multi_cdc.dir/C_/Users/Aidan/.pico-sdk/sdk/2.2.0/src/rp2_common/pico_stdio_usb/stdio_usb.c.obj
 .rodata.str1.4
                0x100071c2       0x13 CMakeFiles/dev_multi_cdc.dir/C_/Users/Aidan/.pico-sdk/sdk/2.2.0/src/rp2_common/pico_stdio_usb/stdio_usb.c.obj
 *fill*         0x100071c2        0x2 
 .rodata.__bi_202.1
                0x100071c4        0xc CMakeFiles/dev_multi_cdc.dir/C_/Users/Aidan/.pico-sdk/sdk/2.2.0/src/rp2_common/pico_stdio_usb/stdio_usb.c.obj
 .rodata.__func__.2
                0x100071d0        0xf CMakeFiles/dev_multi_cdc.dir/C_/Users/Aidan/.pico-sdk/sdk/2.2.0/src/rp2_common/pico_stdio_usb/stdio_usb.c.obj
 .rodata.str1.4
                0x100071df      0x205 CMakeFiles/dev_multi_cdc.dir/C_/Users/Aidan/.pico-sdk/sdk/2.2.0/src/rp2_common/hardware_flash/flash.c.obj
 *fill*         0x100071df        0x1 
 .rodata.__func__.0
                0x100071e0        0xd CMakeFiles/dev_multi_cdc.dir/C_/Users/Aidan/.pico-sdk/sdk/2.2.0/src/rp2_common/hardware_flash/flash.c.obj
 .rodata.hw_endpoint_alloc.str1.4
                0x100071ed       0xa0 CMakeFiles/dev_multi_cdc.dir/C_/Users/Aidan/.pico-sdk/sdk/2.2.0/lib/tinyusb/src/portable/raspberrypi/rp2040/dcd_rp2040.c.obj
 .rodata.str1.4
                0x100071ed       0x14 CMakeFiles/dev_multi_cdc.dir/C_/Users/Aidan/.pico-sdk/sdk/2.2.0/lib/tinyusb/src/portable/raspberrypi/rp2040/dcd_rp2040.c.obj
 .rodata.dcd_int_enable.str1.4
                0x100071ed        0xc CMakeFiles/dev_multi_cdc.dir/C_/Users/Aidan/.pico-sdk/sdk/2.2.0/lib/tinyusb/src/portable/raspberrypi/rp2040/dcd_rp2040.c.obj
 *fill*         0x100071ed        0x3 
 .rodata.__func__.0
                0x100071f0        0xe CMakeFiles/dev_multi_cdc.dir/C_/Users/Aidan/.pico-sdk/sdk/2.2.0/lib/tinyusb/src/portable/raspberrypi/rp2040/dcd_rp2040.c.obj
 *fill*         0x100071fe        0x2 
 .rodata.__func__.3
                0x10007200       0x10 CMakeFiles/dev_multi_cdc.dir/C_/Users/Aidan/.pico-sdk/sdk/2.2.0/lib/tinyusb/src/portable/raspberrypi/rp2040/dcd_rp2040.c.obj
 .rodata.__func__.5
                0x10007210        0xf CMakeFiles/dev_multi_cdc.dir/C_/Users/Aidan/.pico-sdk/sdk/2.2.0/lib/tinyusb/src/portable/raspberrypi/rp2040/dcd_rp2040.c.obj
 *fill*         0x1000721f        0x1 
 .rodata.__func__.6
                0x10007220       0x12 CMakeFiles/dev_multi_cdc.dir/C_/Users/Aidan/.pico-sdk/sdk/2.2.0/lib/tinyusb/src/portable/raspberrypi/rp2040/dcd_rp2040.c.obj
 *fill*         0x10007232        0x2 
 .rodata.__func__.7
                0x10007234        0x9 CMakeFiles/dev_multi_cdc.dir/C_/Users/Aidan/.pico-sdk/sdk/2.2.0/lib/tinyusb/src/portable/raspberrypi/rp2040/dcd_rp2040.c.obj
 .rodata.str1.4
                0x1000723d       0xe4 CMakeFiles/dev_multi_cdc.dir/C_/Users/Aidan/.pico-sdk/sdk/2.2.0/lib/tinyusb/src/portable/raspberrypi/rp2040/rp2040_usb.c.obj
 .rodata.hw_endpoint_xfer_start.str1.4
                0x1000723d       0x38 CMakeFiles/dev_multi_cdc.dir/C_/Users/Aidan/.pico-sdk/sdk/2.2.0/lib/tinyusb/src/portable/raspberrypi/rp2040/rp2040_usb.c.obj
 *fill*         0x1000723d        0x3 
 .rodata.__func__.0
                0x10007240        0xf CMakeFiles/dev_multi_cdc.dir/C_/Users/Aidan/.pico-sdk/sdk/2.2.0/lib/tinyusb/src/portable/raspberrypi/rp2040/rp2040_usb.c.obj
 .rodata.configuration_reset.str1.4
                0x1000724f       0x17 CMakeFiles/dev_multi_cdc.dir/C_/Users/Aidan/.pico-sdk/sdk/2.2.0/lib/tinyusb/src/device/usbd.c.obj
 *fill*         0x1000724f        0x1 
 .rodata.process_get_descriptor
                0x10007250       0x40 CMakeFiles/dev_multi_cdc.dir/C_/Users/Aidan/.pico-sdk/sdk/2.2.0/lib/tinyusb/src/device/usbd.c.obj
 .rodata        0x10007290       0x1c CMakeFiles/dev_multi_cdc.dir/C_/Users/Aidan/.pico-sdk/sdk/2.2.0/lib/tinyusb/src/device/usbd.c.obj
 .rodata.process_control_request
                0x100072ac       0x28 CMakeFiles/dev_multi_cdc.dir/C_/Users/Aidan/.pico-sdk/sdk/2.2.0/lib/tinyusb/src/device/usbd.c.obj
 .rodata.tud_task_ext
                0x100072d4       0x24 CMakeFiles/dev_multi_cdc.dir/C_/Users/Aidan/.pico-sdk/sdk/2.2.0/lib/tinyusb/src/device/usbd.c.obj
 .rodata.__func__.3
                0x100072f8        0xf CMakeFiles/dev_multi_cdc.dir/C_/Users/Aidan/.pico-sdk/sdk/2.2.0/lib/tinyusb/src/device/usbd.c.obj
 *fill*         0x10007307        0x1 
 .rodata.__func__.4
                0x10007308        0xf CMakeFiles/dev_multi_cdc.dir/C_/Users/Aidan/.pico-sdk/sdk/2.2.0/lib/tinyusb/src/device/usbd.c.obj
 *fill*         0x10007317        0x1 
 .rodata.__func__.5
                0x10007318       0x14 CMakeFiles/dev_multi_cdc.dir/C_/Users/Aidan/.pico-sdk/sdk/2.2.0/lib/tinyusb/src/device/usbd.c.obj
 .rodata.__func__.6
                0x1000732c        0xc CMakeFiles/dev_multi_cdc.dir/C_/Users/Aidan/.pico-sdk/sdk/2.2.0/lib/tinyusb/src/device/usbd.c.obj
 .rodata.__func__.7
                0x10007338       0x17 CMakeFiles/dev_multi_cdc.dir/C_/Users/Aidan/.pico-sdk/sdk/2.2.0/lib/tinyusb/src/device/usbd.c.obj
 *fill*         0x1000734f        0x1 
 .rodata.__func__.8
                0x10007350       0x13 CMakeFiles/dev_multi_cdc.dir/C_/Users/Aidan/.pico-sdk/sdk/2.2.0/lib/tinyusb/src/device/usbd.c.obj
 *fill*         0x10007363        0x1 
 .rodata.__func__.9
                0x10007364       0x18 CMakeFiles/dev_multi_cdc.dir/C_/Users/Aidan/.pico-sdk/sdk/2.2.0/lib/tinyusb/src/device/usbd.c.obj
 .rodata.__func__.10
                0x1000737c       0x14 CMakeFiles/dev_multi_cdc.dir/C_/Users/Aidan/.pico-sdk/sdk/2.2.0/lib/tinyusb/src/device/usbd.c.obj
 .rodata.__func__.11
                0x10007390        0xd CMakeFiles/dev_multi_cdc.dir/C_/Users/Aidan/.pico-sdk/sdk/2.2.0/lib/tinyusb/src/device/usbd.c.obj
 *fill*         0x1000739d        0x3 
 .rodata.__func__.12
                0x100073a0       0x10 CMakeFiles/dev_multi_cdc.dir/C_/Users/Aidan/.pico-sdk/sdk/2.2.0/lib/tinyusb/src/device/usbd.c.obj
 .rodata._usbd_driver
                0x100073b0       0x20 CMakeFiles/dev_multi_cdc.dir/C_/Users/Aidan/.pico-sdk/sdk/2.2.0/lib/tinyusb/src/device/usbd.c.obj
 .rodata.tud_control_xfer.str1.4
                0x100073d0       0x17 CMakeFiles/dev_multi_cdc.dir/C_/Users/Aidan/.pico-sdk/sdk/2.2.0/lib/tinyusb/src/device/usbd_control.c.obj
 .rodata.__func__.0
                0x100073d0       0x15 CMakeFiles/dev_multi_cdc.dir/C_/Users/Aidan/.pico-sdk/sdk/2.2.0/lib/tinyusb/src/device/usbd_control.c.obj
 *fill*         0x100073e5        0x3 
 .rodata.__func__.1
                0x100073e8       0x11 CMakeFiles/dev_multi_cdc.dir/C_/Users/Aidan/.pico-sdk/sdk/2.2.0/lib/tinyusb/src/device/usbd_control.c.obj
 .rodata.tud_cdc_n_write_flush.str1.4
                0x100073f9       0x17 CMakeFiles/dev_multi_cdc.dir/C_/Users/Aidan/.pico-sdk/sdk/2.2.0/lib/tinyusb/src/class/cdc/cdc_device.c.obj
 *fill*         0x100073f9        0x3 
 .rodata.__func__.0
                0x100073fc        0xd CMakeFiles/dev_multi_cdc.dir/C_/Users/Aidan/.pico-sdk/sdk/2.2.0/lib/tinyusb/src/class/cdc/cdc_device.c.obj
 *fill*         0x10007409        0x3 
 .rodata.__func__.1
                0x1000740c        0xa CMakeFiles/dev_multi_cdc.dir/C_/Users/Aidan/.pico-sdk/sdk/2.2.0/lib/tinyusb/src/class/cdc/cdc_device.c.obj
 *fill*         0x10007416        0x2 
 .rodata.__func__.3
                0x10007418       0x16 CMakeFiles/dev_multi_cdc.dir/C_/Users/Aidan/.pico-sdk/sdk/2.2.0/lib/tinyusb/src/class/cdc/cdc_device.c.obj
 .rodata.tusb_rhport_init.str1.4
                0x1000742e       0x17 CMakeFiles/dev_multi_cdc.dir/C_/Users/Aidan/.pico-sdk/sdk/2.2.0/lib/tinyusb/src/tusb.c.obj
 *fill*         0x1000742e        0x2 
 .rodata.__func__.4
                0x10007430       0x11 CMakeFiles/dev_multi_cdc.dir/C_/Users/Aidan/.pico-sdk/sdk/2.2.0/lib/tinyusb/src/tusb.c.obj
 *fill*         0x10007441        0x3 
 .rodata.__func__.5
                0x10007444       0x11 CMakeFiles/dev_multi_cdc.dir/C_/Users/Aidan/.pico-sdk/sdk/2.2.0/lib/tinyusb/src/tusb.c.obj
 .rodata.str1.4
                0x10007455        0x4 CMakeFiles/dev_multi_cdc.dir/C_/Users/Aidan/.pico-sdk/sdk/2.2.0/lib/tinyusb/hw/bsp/rp2040/family.c.obj
 *fill*         0x10007455        0x3 
 .rodata.__bi_153.0
                0x10007458        0xc CMakeFiles/dev_multi_cdc.dir/C_/Users/Aidan/.pico-sdk/sdk/2.2.0/lib/tinyusb/hw/bsp/rp2040/family.c.obj
                0x10007464                        . = ALIGN (0x4)
 *(SORT_BY_ALIGNMENT(SORT_BY_NAME(.flashdata*)))
                0x10007464                        . = ALIGN (0x4)

.ARM.extab
 *(.ARM.extab* .gnu.linkonce.armextab.*)
                0x10007464                        __exidx_start = .

.ARM.exidx
 *(.ARM.exidx* .gnu.linkonce.armexidx.*)
                0x10007464                        __exidx_end = .
                0x10007464                        . = ALIGN (0x4)
                0x10007464                        __binary_info_start = .

.binary_info    0x10007464       0x24
 *(.binary_info.keep.*)
 .binary_info.keep.__bi_ptr84
                0x10007464        0x4 CMakeFiles/dev_multi_cdc.dir/C_/Users/Aidan/.pico-sdk/sdk/2.2.0/src/rp2_common/pico_standard_binary_info/standard_binary_info.c.obj
 .binary_info.keep.__bi_ptr78
                0x10007468        0x4 CMakeFiles/dev_multi_cdc.dir/C_/Users/Aidan/.pico-sdk/sdk/2.2.0/src/rp2_common/pico_standard_binary_info/standard_binary_info.c.obj
 .binary_info.keep.__bi_ptr54
                0x1000746c        0x4 CMakeFiles/dev_multi_cdc.dir/C_/Users/Aidan/.pico-sdk/sdk/2.2.0/src/rp2_common/pico_standard_binary_info/standard_binary_info.c.obj
 .binary_info.keep.__bi_ptr48
                0x10007470        0x4 CMakeFiles/dev_multi_cdc.dir/C_/Users/Aidan/.pico-sdk/sdk/2.2.0/src/rp2_common/pico_standard_binary_info/standard_binary_info.c.obj
 .binary_info.keep.__bi_ptr42
                0x10007474        0x4 CMakeFiles/dev_multi_cdc.dir/C_/Users/Aidan/.pico-sdk/sdk/2.2.0/src/rp2_common/pico_standard_binary_info/standard_binary_info.c.obj
 .binary_info.keep.__bi_ptr34
                0x10007478        0x4 CMakeFiles/dev_multi_cdc.dir/C_/Users/Aidan/.pico-sdk/sdk/2.2.0/src/rp2_common/pico_standard_binary_info/standard_binary_info.c.obj
 .binary_info.keep.__bi_ptr26
                0x1000747c        0x4 CMakeFiles/dev_multi_cdc.dir/C_/Users/Aidan/.pico-sdk/sdk/2.2.0/src/rp2_common/pico_standard_binary_info/standard_binary_info.c.obj
 .binary_info.keep.__bi_ptr153
                0x10007480        0x4 CMakeFiles/dev_multi_cdc.dir/C_/Users/Aidan/.pico-sdk/sdk/2.2.0/lib/tinyusb/hw/bsp/rp2040/family.c.obj
 *(.binary_info.*)
 .binary_info.__bi_ptr202
                0x10007484        0x4 CMakeFiles/dev_multi_cdc.dir/C_/Users/Aidan/.pico-sdk/sdk/2.2.0/src/rp2_common/pico_stdio_usb/stdio_usb.c.obj
                0x10007488                        __binary_info_end = .
                0x10007488                        . = ALIGN (0x4)

.ram_vector_table
                0x20000000       0xc0
 *(.ram_vector_table)
 .ram_vector_table
                0x20000000       0xc0 CMakeFiles/dev_multi_cdc.dir/C_/Users/Aidan/.pico-sdk/sdk/2.2.0/src/rp2_common/pico_runtime_init/runtime_init.c.obj
                0x20000000                ram_vector_table

.uninitialized_data
                0x200000c0        0x0
                0x200000c0                        . = ALIGN (0x4)
 *(.uninitialized_data*)

.data           0x200000c0      0xc10 load address 0x10007488
                0x200000c0                        __data_start__ = .
 *(vtable)
 *(.time_critical*)
 .time_critical.mutex_try_enter
                0x200000c0       0x48 CMakeFiles/dev_multi_cdc.dir/C_/Users/Aidan/.pico-sdk/sdk/2.2.0/src/common/pico_sync/mutex.c.obj
                0x200000c0                mutex_try_enter
 .time_critical.mutex_enter_block_until
                0x20000108       0x90 CMakeFiles/dev_multi_cdc.dir/C_/Users/Aidan/.pico-sdk/sdk/2.2.0/src/common/pico_sync/mutex.c.obj
                0x20000108                mutex_enter_block_until
 .time_critical.mutex_try_enter_block_until
                0x20000198       0x34 CMakeFiles/dev_multi_cdc.dir/C_/Users/Aidan/.pico-sdk/sdk/2.2.0/src/common/pico_sync/mutex.c.obj
                0x20000198                mutex_try_enter_block_until
 .time_critical.mutex_enter_timeout_ms
                0x200001cc       0x3c CMakeFiles/dev_multi_cdc.dir/C_/Users/Aidan/.pico-sdk/sdk/2.2.0/src/common/pico_sync/mutex.c.obj
                0x200001cc                mutex_enter_timeout_ms
 .time_critical.mutex_exit
                0x20000208       0x4c CMakeFiles/dev_multi_cdc.dir/C_/Users/Aidan/.pico-sdk/sdk/2.2.0/src/common/pico_sync/mutex.c.obj
                0x20000208                mutex_exit
 .time_critical.flash_init_boot2_copyout
                0x20000254       0x30 CMakeFiles/dev_multi_cdc.dir/C_/Users/Aidan/.pico-sdk/sdk/2.2.0/src/rp2_common/hardware_flash/flash.c.obj
 .time_critical.flash_enable_xip_via_boot2
                0x20000284        0xc CMakeFiles/dev_multi_cdc.dir/C_/Users/Aidan/.pico-sdk/sdk/2.2.0/src/rp2_common/hardware_flash/flash.c.obj
 .time_critical.flash_save_hardware_state
                0x20000290       0x1c CMakeFiles/dev_multi_cdc.dir/C_/Users/Aidan/.pico-sdk/sdk/2.2.0/src/rp2_common/hardware_flash/flash.c.obj
 .time_critical.flash_restore_hardware_state
                0x200002ac       0x20 CMakeFiles/dev_multi_cdc.dir/C_/Users/Aidan/.pico-sdk/sdk/2.2.0/src/rp2_common/hardware_flash/flash.c.obj
 .time_critical.flash_cs_force
                0x200002cc       0x28 CMakeFiles/dev_multi_cdc.dir/C_/Users/Aidan/.pico-sdk/sdk/2.2.0/src/rp2_common/hardware_flash/flash.c.obj
 .time_critical.flash_do_cmd
                0x200002f4       0xec CMakeFiles/dev_multi_cdc.dir/C_/Users/Aidan/.pico-sdk/sdk/2.2.0/src/rp2_common/hardware_flash/flash.c.obj
                0x200002f4                flash_do_cmd
 .time_critical.reset_non_control_endpoints
                0x200003e0       0x40 CMakeFiles/dev_multi_cdc.dir/C_/Users/Aidan/.pico-sdk/sdk/2.2.0/lib/tinyusb/src/portable/raspberrypi/rp2040/dcd_rp2040.c.obj
 .time_critical.hw_handle_buff_status
                0x20000420       0x9c CMakeFiles/dev_multi_cdc.dir/C_/Users/Aidan/.pico-sdk/sdk/2.2.0/lib/tinyusb/src/portable/raspberrypi/rp2040/dcd_rp2040.c.obj
 .time_critical.dcd_rp2040_irq
                0x200004bc      0x204 CMakeFiles/dev_multi_cdc.dir/C_/Users/Aidan/.pico-sdk/sdk/2.2.0/lib/tinyusb/src/portable/raspberrypi/rp2040/dcd_rp2040.c.obj
 .time_critical.prepare_ep_buffer
                0x200006c0       0x6c CMakeFiles/dev_multi_cdc.dir/C_/Users/Aidan/.pico-sdk/sdk/2.2.0/lib/tinyusb/src/portable/raspberrypi/rp2040/rp2040_usb.c.obj
 .time_critical.e15_is_bulkin_ep
                0x2000072c       0x2c CMakeFiles/dev_multi_cdc.dir/C_/Users/Aidan/.pico-sdk/sdk/2.2.0/lib/tinyusb/src/portable/raspberrypi/rp2040/rp2040_usb.c.obj
 .time_critical.e15_is_critical_frame_period
                0x20000758       0x30 CMakeFiles/dev_multi_cdc.dir/C_/Users/Aidan/.pico-sdk/sdk/2.2.0/lib/tinyusb/src/portable/raspberrypi/rp2040/rp2040_usb.c.obj
 .time_critical.sync_ep_buffer
                0x20000788       0x78 CMakeFiles/dev_multi_cdc.dir/C_/Users/Aidan/.pico-sdk/sdk/2.2.0/lib/tinyusb/src/portable/raspberrypi/rp2040/rp2040_usb.c.obj
 .time_critical._hw_endpoint_xfer_sync
                0x20000800       0x28 CMakeFiles/dev_multi_cdc.dir/C_/Users/Aidan/.pico-sdk/sdk/2.2.0/lib/tinyusb/src/portable/raspberrypi/rp2040/rp2040_usb.c.obj
 .time_critical.hw_endpoint_reset_transfer
                0x20000828        0xc CMakeFiles/dev_multi_cdc.dir/C_/Users/Aidan/.pico-sdk/sdk/2.2.0/lib/tinyusb/src/portable/raspberrypi/rp2040/rp2040_usb.c.obj
                0x20000828                hw_endpoint_reset_transfer
 .time_critical._hw_endpoint_buffer_control_update32
                0x20000834       0x4c CMakeFiles/dev_multi_cdc.dir/C_/Users/Aidan/.pico-sdk/sdk/2.2.0/lib/tinyusb/src/portable/raspberrypi/rp2040/rp2040_usb.c.obj
                0x20000834                _hw_endpoint_buffer_control_update32
 .time_critical.hw_endpoint_start_next_buffer
                0x20000880       0x7c CMakeFiles/dev_multi_cdc.dir/C_/Users/Aidan/.pico-sdk/sdk/2.2.0/lib/tinyusb/src/portable/raspberrypi/rp2040/rp2040_usb.c.obj
                0x20000880                hw_endpoint_start_next_buffer
 .time_critical.hw_endpoint_xfer_continue
                0x200008fc       0x40 CMakeFiles/dev_multi_cdc.dir/C_/Users/Aidan/.pico-sdk/sdk/2.2.0/lib/tinyusb/src/portable/raspberrypi/rp2040/rp2040_usb.c.obj
                0x200008fc                hw_endpoint_xfer_continue
 .time_critical.tinyusb
                0x2000093c      0x1f8 CMakeFiles/dev_multi_cdc.dir/C_/Users/Aidan/.pico-sdk/sdk/2.2.0/lib/tinyusb/src/device/usbd.c.obj
                0x2000093c                dcd_event_handler
 *(.text*)
 .text          0x20000b34        0x4 C:/Users/Aidan/.pico-sdk/toolchain/14_2_Rel1/bin/../lib/gcc/arm-none-eabi/14.2.1/thumb/v6-m/nofp\libgcc.a(_dvmd_tls.o)
                0x20000b34                __aeabi_idiv0
                0x20000b34                __aeabi_ldiv0
 .text.__stub   0x20000b38       0xb0 linker stubs
                0x20000be8                        . = ALIGN (0x4)
 *(.rodata*)
                0x20000be8                        . = ALIGN (0x4)
 *(.data*)
 .data.string_desc_arr
                0x20000be8       0x18 CMakeFiles/dev_multi_cdc.dir/usb_descriptors.c.obj
                0x20000be8                string_desc_arr
 .data.striped_spin_lock_num
                0x20000c00        0x1 CMakeFiles/dev_multi_cdc.dir/C_/Users/Aidan/.pico-sdk/sdk/2.2.0/src/rp2_common/hardware_sync/sync.c.obj
 *fill*         0x20000c01        0x3 
 .data          0x20000c04       0x48 CMakeFiles/dev_multi_cdc.dir/C_/Users/Aidan/.pico-sdk/sdk/2.2.0/src/rp2_common/hardware_irq/irq_handler_chain.S.obj
                0x20000c04                irq_handler_chain_slots
                0x20000c34                irq_handler_chain_first_slot
                0x20000c3e                irq_handler_chain_remove_tail
 .data.default_alarm_pool
                0x20000c4c       0x18 CMakeFiles/dev_multi_cdc.dir/C_/Users/Aidan/.pico-sdk/sdk/2.2.0/src/common/pico_time/time.c.obj
 *fill*         0x20000c64        0xc 
 .data.aeabi_bits_funcs
                0x20000c70       0x10 CMakeFiles/dev_multi_cdc.dir/C_/Users/Aidan/.pico-sdk/sdk/2.2.0/src/rp2_common/pico_bit_ops/bit_ops_aeabi.S.obj
                0x20000c70                aeabi_bits_funcs
                0x20000c80                aeabi_bits_funcs_end
 .data.aeabi_mem_funcs
                0x20000c80       0x10 CMakeFiles/dev_multi_cdc.dir/C_/Users/Aidan/.pico-sdk/sdk/2.2.0/src/rp2_common/pico_mem_ops/mem_ops_aeabi.S.obj
                0x20000c80                aeabi_mem_funcs
                0x20000c90                aeabi_mem_funcs_end
 .data.stdio_usb
                0x20000c90       0x18 CMakeFiles/dev_multi_cdc.dir/C_/Users/Aidan/.pico-sdk/sdk/2.2.0/src/rp2_common/pico_stdio_usb/stdio_usb.c.obj
                0x20000c90                stdio_usb
 .data._usbd_qdef
                0x20000ca8       0x1c CMakeFiles/dev_multi_cdc.dir/C_/Users/Aidan/.pico-sdk/sdk/2.2.0/lib/tinyusb/src/device/usbd.c.obj
                0x20000ca8                _usbd_qdef
 .data._usbd_rhport
                0x20000cc4        0x1 CMakeFiles/dev_multi_cdc.dir/C_/Users/Aidan/.pico-sdk/sdk/2.2.0/lib/tinyusb/src/device/usbd.c.obj
                0x20000cc8                        . = ALIGN (0x4)
 *fill*         0x20000cc5        0x3 
 *(.after_data.*)
                0x20000cc8                        . = ALIGN (0x4)
                0x20000cc8                        PROVIDE (__mutex_array_start = .)
 *(SORT_BY_NAME(.mutex_array.*))
 *(.mutex_array)
 .mutex_array   0x20000cc8        0x8 CMakeFiles/dev_multi_cdc.dir/C_/Users/Aidan/.pico-sdk/sdk/2.2.0/src/rp2_common/pico_stdio/stdio.c.obj
                0x20000cd0                        PROVIDE (__mutex_array_end = .)
                0x20000cd0                        . = ALIGN (0x4)
 *(.jcr)
                0x20000cd0                        . = ALIGN (0x4)

.tm_clone_table
                0x20000cd0        0x0 load address 0x10008098